Component: ARM Compiler 5.05 update 1 (build 106) Tool: armlink [4d0efa]

==============================================================================

Section Cross References

    main.o(i.game_menu_task) refers to os_task.o(i.OSTaskSuspend) for OSTaskSuspend
    main.o(i.game_menu_task) refers to menu.o(i.game_menu) for game_menu
    main.o(i.game_menu_task) refers to key.o(i.key_Scan) for key_Scan
    main.o(i.game_menu_task) refers to os_task.o(i.OSTaskCreate) for OSTaskCreate
    main.o(i.game_menu_task) refers to os_task.o(i.OSTaskDel) for OSTaskDel
    main.o(i.game_menu_task) refers to main.o(i.set_time) for set_time
    main.o(i.game_menu_task) refers to main.o(.data) for key_f1
    main.o(i.game_menu_task) refers to main.o(.bss) for Game_TASK_STK
    main.o(i.game_menu_task) refers to main.o(i.game_task) for game_task
    main.o(i.game_menu_task) refers to main.o(i.time_task) for time_task
    main.o(i.game_task) refers to sudoku.o(i.Display_sudoko) for Display_sudoko
    main.o(i.game_task) refers to sudoku.o(i.show_sudoku) for show_sudoku
    main.o(i.game_task) refers to key.o(i.key_Scan) for key_Scan
    main.o(i.game_task) refers to sudoku.o(i.is_correct) for is_correct
    main.o(i.game_task) refers to menu.o(i.show_victory) for show_victory
    main.o(i.game_task) refers to menu.o(i.show_score) for show_score
    main.o(i.game_task) refers to os_task.o(i.OSTaskCreate) for OSTaskCreate
    main.o(i.game_task) refers to os_task.o(i.OSTaskDel) for OSTaskDel
    main.o(i.game_task) refers to os_task.o(i.OSTaskSuspend) for OSTaskSuspend
    main.o(i.game_task) refers to menu.o(i.show_false) for show_false
    main.o(i.game_task) refers to os_task.o(i.OSTaskResume) for OSTaskResume
    main.o(i.game_task) refers to menu.o(i.show_time) for show_time
    main.o(i.game_task) refers to delay.o(i.delay_ms) for delay_ms
    main.o(i.game_task) refers to main.o(.bss) for sudoku
    main.o(i.game_task) refers to main.o(.data) for key_f1
    main.o(i.game_task) refers to main.o(i.game_menu_task) for game_menu_task
    main.o(i.led_task) refers to delay.o(i.delay_ms) for delay_ms
    main.o(i.main) refers to misc.o(i.NVIC_PriorityGroupConfig) for NVIC_PriorityGroupConfig
    main.o(i.main) refers to delay.o(i.delay_init) for delay_init
    main.o(i.main) refers to led.o(i.LED_Init) for LED_Init
    main.o(i.main) refers to key.o(i.key_Init) for key_Init
    main.o(i.main) refers to usart.o(i.uart_init) for uart_init
    main.o(i.main) refers to adc.o(i.Adc_Init) for Adc_Init
    main.o(i.main) refers to os_core.o(i.OSInit) for OSInit
    main.o(i.main) refers to os_task.o(i.OSTaskCreate) for OSTaskCreate
    main.o(i.main) refers to os_core.o(i.OSStart) for OSStart
    main.o(i.main) refers to main.o(.bss) for START_TASK_STK
    main.o(i.main) refers to main.o(i.start_task) for start_task
    main.o(i.name_task) refers to menu.o(i.name_menu) for name_menu
    main.o(i.name_task) refers to key.o(i.key_Scan) for key_Scan
    main.o(i.name_task) refers to lcd_driver.o(i.Lcd_Clear) for Lcd_Clear
    main.o(i.name_task) refers to os_task.o(i.OSTaskCreate) for OSTaskCreate
    main.o(i.name_task) refers to menu.o(i.show_eggs) for show_eggs
    main.o(i.name_task) refers to main.o(.data) for key_f1
    main.o(i.name_task) refers to main.o(.bss) for Game_menu_TASK_STK
    main.o(i.name_task) refers to main.o(i.game_menu_task) for game_menu_task
    main.o(i.set_time) refers to menu.o(i.show_time) for show_time
    main.o(i.set_time) refers to key.o(i.key_Scan) for key_Scan
    main.o(i.set_time) refers to main.o(.data) for overtime
    main.o(i.start_task) refers to os_mbox.o(i.OSMboxCreate) for OSMboxCreate
    main.o(i.start_task) refers to os_cpu_a.o(.text) for OS_CPU_SR_Save
    main.o(i.start_task) refers to os_task.o(i.OSTaskCreate) for OSTaskCreate
    main.o(i.start_task) refers to os_task.o(i.OSTaskDel) for OSTaskDel
    main.o(i.start_task) refers to main.o(.data) for mbox_key
    main.o(i.start_task) refers to main.o(.bss) for LED_TASK_STK
    main.o(i.start_task) refers to main.o(i.led_task) for led_task
    main.o(i.start_task) refers to main.o(i.name_task) for name_task
    main.o(i.time_task) refers to delay.o(i.delay_ms) for delay_ms
    main.o(i.time_task) refers to menu.o(i.show_timeover) for show_timeover
    main.o(i.time_task) refers to os_task.o(i.OSTaskCreate) for OSTaskCreate
    main.o(i.time_task) refers to os_task.o(i.OSTaskDel) for OSTaskDel
    main.o(i.time_task) refers to main.o(.data) for count
    main.o(i.time_task) refers to main.o(.bss) for Game_menu_TASK_STK
    main.o(i.time_task) refers to main.o(i.game_menu_task) for game_menu_task
    system_stm32f10x.o(i.SetSysClock) refers to system_stm32f10x.o(i.SetSysClockTo72) for SetSysClockTo72
    system_stm32f10x.o(i.SystemCoreClockUpdate) refers to system_stm32f10x.o(.data) for SystemCoreClock
    system_stm32f10x.o(i.SystemInit) refers to system_stm32f10x.o(i.SetSysClock) for SetSysClock
[...]
    Removing stm32f10x_dbgmcu.o(i.DBGMCU_GetDEVID), (16 bytes).
    Removing stm32f10x_dbgmcu.o(i.DBGMCU_GetREVID), (12 bytes).
    Removing stm32f10x_rcc.o(i.RCC_AHBPeriphClockCmd), (32 bytes).
    Removing stm32f10x_rcc.o(i.RCC_APB1PeriphClockCmd), (32 bytes).
    Removing stm32f10x_rcc.o(i.RCC_APB1PeriphResetCmd), (32 bytes).
    Removing stm32f10x_rcc.o(i.RCC_AdjustHSICalibrationValue), (24 bytes).
    Removing stm32f10x_rcc.o(i.RCC_BackupResetCmd), (12 bytes).
    Removing stm32f10x_rcc.o(i.RCC_ClearFlag), (20 bytes).
    Removing stm32f10x_rcc.o(i.RCC_ClearITPendingBit), (12 bytes).
    Removing stm32f10x_rcc.o(i.RCC_ClockSecuritySystemCmd), (12 bytes).
    Removing stm32f10x_rcc.o(i.RCC_DeInit), (76 bytes).
    Removing stm32f10x_rcc.o(i.RCC_GetFlagStatus), (60 bytes).
    Removing stm32f10x_rcc.o(i.RCC_GetITStatus), (24 bytes).
    Removing stm32f10x_rcc.o(i.RCC_GetSYSCLKSource), (16 bytes).
    Removing stm32f10x_rcc.o(i.RCC_HCLKConfig), (24 bytes).
    Removing stm32f10x_rcc.o(i.RCC_HSEConfig), (76 bytes).
    Removing stm32f10x_rcc.o(i.RCC_HSICmd), (12 bytes).
    Removing stm32f10x_rcc.o(i.RCC_ITConfig), (32 bytes).
    Removing stm32f10x_rcc.o(i.RCC_LSEConfig), (52 bytes).
    Removing stm32f10x_rcc.o(i.RCC_LSICmd), (12 bytes).
    Removing stm32f10x_rcc.o(i.RCC_MCOConfig), (12 bytes).
    Removing stm32f10x_rcc.o(i.RCC_PCLK1Config), (24 bytes).
    Removing stm32f10x_rcc.o(i.RCC_PCLK2Config), (24 bytes).
    Removing stm32f10x_rcc.o(i.RCC_PLLCmd), (12 bytes).
    Removing stm32f10x_rcc.o(i.RCC_PLLConfig), (28 bytes).
    Removing stm32f10x_rcc.o(i.RCC_RTCCLKCmd), (12 bytes).
    Removing stm32f10x_rcc.o(i.RCC_RTCCLKConfig), (16 bytes).
    Removing stm32f10x_rcc.o(i.RCC_SYSCLKConfig), (24 bytes).
    Removing stm32f10x_rcc.o(i.RCC_USBCLKConfig), (12 bytes).
    Removing stm32f10x_rcc.o(i.RCC_WaitForHSEStartUp), (56 bytes).
    Removing stm32f10x_usart.o(i.USART_ClearFlag), (18 bytes).
    Removing stm32f10x_usart.o(i.USART_ClearITPendingBit), (30 bytes).
    Removing stm32f10x_usart.o(i.USART_ClockInit), (34 bytes).
    Removing stm32f10x_usart.o(i.USART_ClockStructInit), (12 bytes).
    Removing stm32f10x_usart.o(i.USART_DMACmd), (18 bytes).
    Removing stm32f10x_usart.o(i.USART_DeInit), (156 bytes).
    Removing stm32f10x_usart.o(i.USART_GetFlagStatus), (26 bytes).
    Removing stm32f10x_usart.o(i.USART_HalfDuplexCmd), (24 bytes).
    Removing stm32f10x_usart.o(i.USART_IrDACmd), (24 bytes).
    Removing stm32f10x_usart.o(i.USART_IrDAConfig), (18 bytes).
    Removing stm32f10x_usart.o(i.USART_LINBreakDetectLengthConfig), (18 bytes).
    Removing stm32f10x_usart.o(i.USART_LINCmd), (24 bytes).
    Removing stm32f10x_usart.o(i.USART_OneBitMethodCmd), (24 bytes).
    Removing stm32f10x_usart.o(i.USART_OverSampling8Cmd), (22 bytes).
    Removing stm32f10x_usart.o(i.USART_ReceiverWakeUpCmd), (24 bytes).
    Removing stm32f10x_usart.o(i.USART_SendBreak), (10 bytes).
    Removing stm32f10x_usart.o(i.USART_SendData), (8 bytes).
    Removing stm32f10x_usart.o(i.USART_SetAddress), (18 bytes).
    Removing stm32f10x_usart.o(i.USART_SetGuardTime), (16 bytes).
    Removing stm32f10x_usart.o(i.USART_SetPrescaler), (16 bytes).
    Removing stm32f10x_usart.o(i.USART_SmartCardCmd), (24 bytes).
    Removing stm32f10x_usart.o(i.USART_SmartCardNACKCmd), (24 bytes).
    Removing stm32f10x_usart.o(i.USART_StructInit), (24 bytes).
    Removing stm32f10x_usart.o(i.USART_WakeUpConfig), (18 bytes).
    Removing stm32f10x_adc.o(i.ADC_AnalogWatchdogCmd), (20 bytes).
    Removing stm32f10x_adc.o(i.ADC_AnalogWatchdogSingleChannelConfig), (16 bytes).
    Removing stm32f10x_adc.o(i.ADC_AnalogWatchdogThresholdsConfig), (6 bytes).
    Removing stm32f10x_adc.o(i.ADC_AutoInjectedConvCmd), (22 bytes).
    Removing stm32f10x_adc.o(i.ADC_ClearFlag), (6 bytes).
    Removing stm32f10x_adc.o(i.ADC_ClearITPendingBit), (10 bytes).
    Removing stm32f10x_adc.o(i.ADC_DMACmd), (22 bytes).
    Removing stm32f10x_adc.o(i.ADC_DiscModeChannelCountConfig), (24 bytes).
    Removing stm32f10x_adc.o(i.ADC_DiscModeCmd), (22 bytes).
    Removing stm32f10x_adc.o(i.ADC_ExternalTrigConvCmd), (22 bytes).
    Removing stm32f10x_adc.o(i.ADC_ExternalTrigInjectedConvCmd), (22 bytes).
    Removing stm32f10x_adc.o(i.ADC_ExternalTrigInjectedConvConfig), (16 bytes).
    Removing stm32f10x_adc.o(i.ADC_GetDualModeConversionValue), (12 bytes).
    Removing stm32f10x_adc.o(i.ADC_GetITStatus), (36 bytes).
    Removing stm32f10x_adc.o(i.ADC_GetInjectedConversionValue), (28 bytes).
    Removing stm32f10x_adc.o(i.ADC_GetSoftwareStartConvStatus), (20 bytes).
    Removing stm32f10x_adc.o(i.ADC_GetSoftwareStartInjectedConvCmdStatus), (20 bytes).
    Removing stm32f10x_adc.o(i.ADC_ITConfig), (24 bytes).
    Removing stm32f10x_adc.o(i.ADC_InjectedChannelConfig), (130 bytes).
    Removing stm32f10x_adc.o(i.ADC_InjectedDiscModeCmd), (22 bytes).
    Removing stm32f10x_adc.o(i.ADC_InjectedSequencerLengthConfig), (24 bytes).
    Removing stm32f10x_adc.o(i.ADC_SetInjectedOffset), (20 bytes).
    Removing stm32f10x_adc.o(i.ADC_SoftwareStartInjectedConvCmd), (22 bytes).
    Removing stm32f10x_adc.o(i.ADC_StructInit), (18 bytes).
    Removing stm32f10x_adc.o(i.ADC_TempSensorVrefintCmd), (36 bytes).
    Removing os_core.o(i.OSStatInit), (76 bytes).
    Removing os_core.o(i.OSVersion), (6 bytes).
    Removing os_core.o(i.OS_EventTaskRdy), (132 bytes).
    Removing os_core.o(i.OS_EventTaskWait), (124 bytes).
    Removing os_core.o(i.OS_MemCopy), (20 bytes).
    Removing os_core.o(i.OS_StrLen), (20 bytes).
    Removing os_flag.o(i.OSFlagAccept), (252 bytes).
    Removing os_flag.o(i.OSFlagCreate), (100 bytes).
    Removing os_flag.o(i.OSFlagDel), (228 bytes).
    Removing os_flag.o(i.OSFlagNameGet), (84 bytes).
    Removing os_flag.o(i.OSFlagNameSet), (72 bytes).
    Removing os_flag.o(i.OSFlagPend), (596 bytes).
    Removing os_flag.o(i.OSFlagPendGetFlagsRdy), (32 bytes).
    Removing os_flag.o(i.OSFlagPost), (312 bytes).
    Removing os_flag.o(i.OSFlagQuery), (48 bytes).
    Removing os_flag.o(i.OS_FlagBlock), (164 bytes).
    Removing os_flag.o(i.OS_FlagTaskRdy), (92 bytes).
    Removing os_mbox.o(i.OSMboxAccept), (38 bytes).
    Removing os_mbox.o(i.OSMboxDel), (208 bytes).
    Removing os_mbox.o(i.OSMboxPend), (260 bytes).
    Removing os_mbox.o(i.OSMboxPendAbort), (128 bytes).
    Removing os_mbox.o(i.OSMboxPost), (80 bytes).
    Removing os_mbox.o(i.OSMboxPostOpt), (120 bytes).
    Removing os_mbox.o(i.OSMboxQuery), (76 bytes).
    Removing os_mutex.o(i.OSMutexAccept), (144 bytes).
    Removing os_mutex.o(i.OSMutexCreate), (148 bytes).
    Removing os_mutex.o(i.OSMutexDel), (280 bytes).
    Removing os_mutex.o(i.OSMutexPend), (568 bytes).
    Removing os_mutex.o(i.OSMutexPost), (200 bytes).
    Removing os_mutex.o(i.OSMutexQuery), (112 bytes).
    Removing os_mutex.o(i.OSMutex_RdyAtPrio), (132 bytes).
    Removing os_q.o(i.OSQAccept), (88 bytes).
    Removing os_q.o(i.OSQCreate), (152 bytes).
    Removing os_q.o(i.OSQDel), (248 bytes).
    Removing os_q.o(i.OSQFlush), (36 bytes).
    Removing os_q.o(i.OSQPend), (284 bytes).
    Removing os_q.o(i.OSQPendAbort), (128 bytes).
    Removing os_q.o(i.OSQPost), (114 bytes).
    Removing os_q.o(i.OSQPostFront), (116 bytes).
    Removing os_q.o(i.OSQPostOpt), (182 bytes).
    Removing os_q.o(i.OSQQuery), (98 bytes).
    Removing os_sem.o(i.OSSemAccept), (42 bytes).
    Removing os_sem.o(i.OSSemCreate), (76 bytes).
    Removing os_sem.o(i.OSSemDel), (208 bytes).
    Removing os_sem.o(i.OSSemPend), (236 bytes).
    Removing os_sem.o(i.OSSemPendAbort), (128 bytes).
    Removing os_sem.o(i.OSSemPost), (88 bytes).
    Removing os_sem.o(i.OSSemQuery), (76 bytes).
    Removing os_sem.o(i.OSSemSet), (66 bytes).
    Removing os_task.o(i.OSTaskChangePrio), (328 bytes).
    Removing os_task.o(i.OSTaskDelReq), (108 bytes).
    Removing os_task.o(i.OSTaskNameGet), (128 bytes).
    Removing os_task.o(i.OSTaskQuery), (92 bytes).
    Removing os_task.o(i.OSTaskRegGet), (68 bytes).
    Removing os_task.o(i.OSTaskRegSet), (72 bytes).
    Removing os_task.o(i.OS_TaskReturn), (24 bytes).
    Removing os_time.o(i.OSTimeDlyHMSM), (96 bytes).
    Removing os_time.o(i.OSTimeDlyResume), (180 bytes).
    Removing os_time.o(i.OSTimeGet), (28 bytes).
    Removing os_time.o(i.OSTimeSet), (28 bytes).
    Removing os_cpu_c.o(i.OSTaskReturnHook), (2 bytes).
    Removing os_cpu_c.o(.data), (4 bytes).
    Removing stm32f10x_bkp.o(i.BKP_ClearFlag), (20 bytes).
    Removing stm32f10x_bkp.o(i.BKP_ClearITPendingBit), (20 bytes).
    Removing stm32f10x_bkp.o(i.BKP_DeInit), (16 bytes).
    Removing stm32f10x_bkp.o(i.BKP_GetFlagStatus), (12 bytes).
    Removing stm32f10x_bkp.o(i.BKP_GetITStatus), (12 bytes).
    Removing stm32f10x_bkp.o(i.BKP_ITConfig), (12 bytes).
    Removing stm32f10x_bkp.o(i.BKP_RTCOutputConfig), (28 bytes).
    Removing stm32f10x_bkp.o(i.BKP_ReadBackupRegister), (28 bytes).
    Removing stm32f10x_bkp.o(i.BKP_SetRTCCalibrationValue), (28 bytes).
    Removing stm32f10x_bkp.o(i.BKP_TamperPinCmd), (12 bytes).
    Removing stm32f10x_bkp.o(i.BKP_TamperPinLevelConfig), (12 bytes).
    Removing stm32f10x_bkp.o(i.BKP_WriteBackupRegister), (28 bytes).
    Removing stm32f10x_pwr.o(i.PWR_BackupAccessCmd), (12 bytes).
    Removing stm32f10x_pwr.o(i.PWR_ClearFlag), (20 bytes).
    Removing stm32f10x_pwr.o(i.PWR_DeInit), (22 bytes).
    Removing stm32f10x_pwr.o(i.PWR_EnterSTANDBYMode), (52 bytes).
    Removing stm32f10x_pwr.o(i.PWR_EnterSTOPMode), (64 bytes).
    Removing stm32f10x_pwr.o(i.PWR_GetFlagStatus), (24 bytes).
    Removing stm32f10x_pwr.o(i.PWR_PVDCmd), (12 bytes).
    Removing stm32f10x_pwr.o(i.PWR_PVDLevelConfig), (24 bytes).
    Removing stm32f10x_pwr.o(i.PWR_WakeUpPinCmd), (12 bytes).
    Removing stm32f10x_rtc.o(i.RTC_ClearFlag), (16 bytes).
    Removing stm32f10x_rtc.o(i.RTC_ClearITPendingBit), (16 bytes).
    Removing stm32f10x_rtc.o(i.RTC_EnterConfigMode), (20 bytes).
    Removing stm32f10x_rtc.o(i.RTC_ExitConfigMode), (20 bytes).
    Removing stm32f10x_rtc.o(i.RTC_GetCounter), (20 bytes).
    Removing stm32f10x_rtc.o(i.RTC_GetDivider), (24 bytes).
    Removing stm32f10x_rtc.o(i.RTC_GetFlagStatus), (24 bytes).
    Removing stm32f10x_rtc.o(i.RTC_GetITStatus), (36 bytes).
    Removing stm32f10x_rtc.o(i.RTC_ITConfig), (32 bytes).
    Removing stm32f10x_rtc.o(i.RTC_SetAlarm), (28 bytes).
    Removing stm32f10x_rtc.o(i.RTC_SetCounter), (28 bytes).
    Removing stm32f10x_rtc.o(i.RTC_SetPrescaler), (32 bytes).
    Removing stm32f10x_rtc.o(i.RTC_WaitForLastTask), (20 bytes).
    Removing stm32f10x_rtc.o(i.RTC_WaitForSynchro), (36 bytes).
    Removing fmul.o(.text), (100 bytes).
    Removing ffixui.o(.text), (40 bytes).
    Removing dadd.o(.text), (334 bytes).
    Removing dmul.o(.text), (228 bytes).
    Removing ddiv.o(.text), (222 bytes).
    Removing dfixul.o(.text), (48 bytes).
    Removing cdrcmple.o(.text), (48 bytes).
    Removing depilogue.o(.text), (186 bytes).

244 unused section(s) (total 86172 bytes) removed from the image.

==============================================================================

Image Symbol Table

    Local Symbols

    Symbol Name                              Value     Ov Type        Size  Object(Section)

    ../clib/microlib/division.c              0x00000000   Number         0  uidiv.o ABSOLUTE
    ../clib/microlib/division.c              0x00000000   Number         0  uldiv.o ABSOLUTE
    ../clib/microlib/init/entry.s            0x00000000   Number         0  entry8b.o ABSOLUTE
    ../clib/microlib/init/entry.s            0x00000000   Number         0  entry11a.o ABSOLUTE
    ../clib/microlib/init/entry.s            0x00000000   Number         0  entry11b.o ABSOLUTE
    ../clib/microlib/init/entry.s            0x00000000   Number         0  entry7a.o ABSOLUTE
    ../clib/microlib/init/entry.s            0x00000000   Number         0  entry8a.o ABSOLUTE
    ../clib/microlib/init/entry.s            0x00000000   Number         0  entry7b.o ABSOLUTE
    ../clib/microlib/init/entry.s            0x00000000   Number         0  entry9a.o ABSOLUTE
    ../clib/microlib/init/entry.s            0x00000000   Number         0  entry5.o ABSOLUTE
    ../clib/microlib/init/entry.s            0x00000000   Number         0  entry9b.o ABSOLUTE
    ../clib/microlib/init/entry.s            0x00000000   Number         0  entry10b.o ABSOLUTE
    ../clib/microlib/init/entry.s            0x00000000   Number         0  entry10a.o ABSOLUTE
    ../clib/microlib/init/entry.s            0x00000000   Number         0  entry2.o ABSOLUTE
    ../clib/microlib/init/entry.s            0x00000000   Number         0  entry.o ABSOLUTE
    ../clib/microlib/longlong.c              0x00000000   Number         0  llsshr.o ABSOLUTE
    ../clib/microlib/longlong.c              0x00000000   Number         0  llushr.o ABSOLUTE
    ../clib/microlib/longlong.c              0x00000000   Number         0  llshl.o ABSOLUTE
    ../clib/microlib/printf/printf.c         0x00000000   Number         0  printfb.o ABSOLUTE
    ../clib/microlib/printf/printf.c         0x00000000   Number         0  printf0.o ABSOLUTE
    ../clib/microlib/printf/printf.c         0x00000000   Number         0  printf2.o ABSOLUTE
    ../clib/microlib/printf/printf.c         0x00000000   Number         0  printf3.o ABSOLUTE
    ../clib/microlib/printf/printf.c         0x00000000   Number         0  printf4.o ABSOLUTE
    ../clib/microlib/printf/printf.c         0x00000000   Number         0  printf5.o ABSOLUTE
    ../clib/microlib/printf/printf.c         0x00000000   Number         0  printf6.o ABSOLUTE
    ../clib/microlib/printf/printf.c         0x00000000   Number         0  printfa.o ABSOLUTE
    ../clib/microlib/printf/printf.c         0x00000000   Number         0  printf8.o ABSOLUTE
    ../clib/microlib/printf/printf.c         0x00000000   Number         0  printf1.o ABSOLUTE
    ../clib/microlib/printf/printf.c         0x00000000   Number         0  printf7.o ABSOLUTE
    ../clib/microlib/printf/stubs.s          0x00000000   Number         0  stubs.o ABSOLUTE
    ../clib/microlib/stdlib/rand.c           0x00000000   Number         0  rand.o ABSOLUTE
    ../clib/microlib/stubs.s                 0x00000000   Number         0  iusefp.o ABSOLUTE
    ../clib/microlib/stubs.s                 0x00000000   Number         0  useno.o ABSOLUTE
    ../fplib/microlib/fpadd.c                0x00000000   Number         0  dadd.o ABSOLUTE
    ../fplib/microlib/fpdiv.c                0x00000000   Number         0  ddiv.o ABSOLUTE
    ../fplib/microlib/fpepilogue.c           0x00000000   Number         0  depilogue.o ABSOLUTE
    ../fplib/microlib/fpfix.c                0x00000000   Number         0  ffixui.o ABSOLUTE
    ../fplib/microlib/fpfix.c                0x00000000   Number         0  dfixul.o ABSOLUTE
    ../fplib/microlib/fpmul.c                0x00000000   Number         0  fmul.o ABSOLUTE
    ../fplib/microlib/fpmul.c                0x00000000   Number         0  dmul.o ABSOLUTE
    ..\CORE\core_cm3.c                       0x00000000   Number         0  core_cm3.o ABSOLUTE
    ..\CORE\startup_stm32f10x_hd.s           0x00000000   Number         0  startup_stm32f10x_hd.o ABSOLUTE
    ..\HARDWARE\ADC\adc.c                    0x00000000   Number         0  adc.o ABSOLUTE
    ..\HARDWARE\GUI\GUI.c                    0x00000000   Number         0  gui.o ABSOLUTE
    ..\HARDWARE\KEY\key.c                    0x00000000   Number         0  key.o ABSOLUTE
    ..\HARDWARE\LED\led.c                    0x00000000   Number         0  led.o ABSOLUTE
    ..\HARDWARE\Lcd_Driver\Lcd_Driver.c      0x00000000   Number         0  lcd_driver.o ABSOLUTE
    ..\HARDWARE\Menu\Menu.c                  0x00000000   Number         0  menu.o ABSOLUTE
    ..\HARDWARE\Sudoku\Sudoku.c              0x00000000   Number         0  sudoku.o ABSOLUTE
    ..\HARDWARE\lcd2\lcd.c                   0x00000000   Number         0  lcd.o ABSOLUTE
    ..\HARDWARE\lcd2\lcd_init.c              0x00000000   Number         0  lcd_init.o ABSOLUTE
    ..\STM32F10x_FWLib\src\misc.c            0x00000000   Number         0  misc.o ABSOLUTE
    ..\STM32F10x_FWLib\src\stm32f10x_adc.c   0x00000000   Number         0  stm32f10x_adc.o ABSOLUTE
    ..\STM32F10x_FWLib\src\stm32f10x_dbgmcu.c 0x00000000   Number         0  stm32f10x_dbgmcu.o ABSOLUTE
    ..\STM32F10x_FWLib\src\stm32f10x_gpio.c  0x00000000   Number         0  stm32f10x_gpio.o ABSOLUTE
    ..\STM32F10x_FWLib\src\stm32f10x_rcc.c   0x00000000   Number         0  stm32f10x_rcc.o ABSOLUTE
    ..\STM32F10x_FWLib\src\stm32f10x_usart.c 0x00000000   Number         0  stm32f10x_usart.o ABSOLUTE
    ..\SYSTEM\delay\delay.c                  0x00000000   Number         0  delay.o ABSOLUTE
    ..\SYSTEM\sys\sys.c                      0x00000000   Number         0  sys.o ABSOLUTE
    ..\SYSTEM\usart\usart.c                  0x00000000   Number         0  usart.o ABSOLUTE
    ..\UCOSII\CORE\os_core.c                 0x00000000   Number         0  os_core.o ABSOLUTE
    ..\UCOSII\CORE\os_flag.c                 0x00000000   Number         0  os_flag.o ABSOLUTE
    ..\UCOSII\CORE\os_mbox.c                 0x00000000   Number         0  os_mbox.o ABSOLUTE
    ..\UCOSII\CORE\os_mem.c                  0x00000000   Number         0  os_mem.o ABSOLUTE
    ..\UCOSII\CORE\os_mutex.c                0x00000000   Number         0  os_mutex.o ABSOLUTE
    ..\UCOSII\CORE\os_q.c                    0x00000000   Number         0  os_q.o ABSOLUTE
    ..\UCOSII\CORE\os_sem.c                  0x00000000   Number         0  os_sem.o ABSOLUTE
    ..\UCOSII\CORE\os_task.c                 0x00000000   Number         0  os_task.o ABSOLUTE
    ..\UCOSII\CORE\os_time.c                 0x00000000   Number         0  os_time.o ABSOLUTE
    ..\UCOSII\CORE\os_tmr.c                  0x00000000   Number         0  os_tmr.o ABSOLUTE
    ..\UCOSII\PORT\os_cpu_a.asm              0x00000000   Number         0  os_cpu_a.o ABSOLUTE
    ..\UCOSII\PORT\os_cpu_c.c                0x00000000   Number         0  os_cpu_c.o ABSOLUTE
    ..\\CORE\\core_cm3.c                     0x00000000   Number         0  core_cm3.o ABSOLUTE
    ..\\SYSTEM\\sys\\sys.c                   0x00000000   Number         0  sys.o ABSOLUTE
    D:\MDK5\ARM\PACK\Keil\STM32F1xx_DFP\1.0.5\Device\StdPeriph_Driver\src\stm32f10x_bkp.c 0x00000000   Number         0  stm32f10x_bkp.o ABSOLUTE
    D:\MDK5\ARM\PACK\Keil\STM32F1xx_DFP\1.0.5\Device\StdPeriph_Driver\src\stm32f10x_pwr.c 0x00000000   Number         0  stm32f10x_pwr.o ABSOLUTE
    D:\MDK5\ARM\PACK\Keil\STM32F1xx_DFP\1.0.5\Device\StdPeriph_Driver\src\stm32f10x_rtc.c 0x00000000   Number         0  stm32f10x_rtc.o ABSOLUTE
    cdrcmple.s                               0x00000000   Number         0  cdrcmple.o ABSOLUTE
    dc.s                                     0x00000000   Number         0  dc.o ABSOLUTE
    handlers.s                               0x00000000   Number         0  handlers.o ABSOLUTE
    init.s                                   0x00000000   Number         0  init.o ABSOLUTE
    main.c                                   0x00000000   Number         0  main.o ABSOLUTE
    stm32f10x_it.c                           0x00000000   Number         0  stm32f10x_it.o ABSOLUTE
    system_stm32f10x.c                       0x00000000   Number         0  system_stm32f10x.o ABSOLUTE
    RESET                                    0x08000000   Section      304  startup_stm32f10x_hd.o(RESET)
    .ARM.Collect$$$$00000000                 0x08000130   Section        0  entry.o(.ARM.Collect$$$$00000000)
    .ARM.Collect$$$$00000001                 0x08000130   Section        4  entry2.o(.ARM.Collect$$$$00000001)
    .ARM.Collect$$$$00000004                 0x08000134   Section        4  entry5.o(.ARM.Collect$$$$00000004)
    .ARM.Collect$$$$00000008                 0x08000138   Section        0  entry7b.o(.ARM.Collect$$$$00000008)
    .ARM.Collect$$$$0000000A                 0x08000138   Section        0  entry8b.o(.ARM.Collect$$$$0000000A)
    .ARM.Collect$$$$0000000B                 0x08000138   Section        8  entry9a.o(.ARM.Collect$$$$0000000B)
    .ARM.Collect$$$$0000000D                 0x08000140   Section        0  entry10a.o(.ARM.Collect$$$$0000000D)
    .ARM.Collect$$$$0000000F                 0x08000140   Section        0  entry11a.o(.ARM.Collect$$$$0000000F)
    .ARM.Collect$$$$00002712                 0x08000140   Section        4  entry2.o(.ARM.Collect$$$$00002712)
    __lit__00000000                          0x08000140   Data           4  entry2.o(.ARM.Collect$$$$00002712)
    .text                                    0x08000144   Section       36  startup_stm32f10x_hd.o(.text)
    .text                                    0x08000168   Section      180  os_cpu_a.o(.text)
    .text                                    0x0800021c   Section        0  rand.o(.text)
    .text                                    0x08000240   Section        0  uidiv.o(.text)
    .text                                    0x0800026c   Section       36  init.o(.text)
    i.ADC_Cmd                                0x08000290   Section        0  stm32f10x_adc.o(i.ADC_Cmd)
    i.ADC_DeInit                             0x080002a8   Section        0  stm32f10x_adc.o(i.ADC_DeInit)
    i.ADC_GetCalibrationStatus               0x08000304   Section        0  stm32f10x_adc.o(i.ADC_GetCalibrationStatus)
    i.ADC_GetConversionValue                 0x08000318   Section        0  stm32f10x_adc.o(i.ADC_GetConversionValue)
    i.ADC_GetFlagStatus                      0x08000320   Section        0  stm32f10x_adc.o(i.ADC_GetFlagStatus)
    i.ADC_GetResetCalibrationStatus          0x08000332   Section        0  stm32f10x_adc.o(i.ADC_GetResetCalibrationStatus)
    i.ADC_Init                               0x08000348   Section        0  stm32f10x_adc.o(i.ADC_Init)
    i.ADC_RegularChannelConfig               0x08000398   Section        0  stm32f10x_adc.o(i.ADC_RegularChannelConfig)
    i.ADC_ResetCalibration                   0x08000450   Section        0  stm32f10x_adc.o(i.ADC_ResetCalibration)
    i.ADC_SoftwareStartConvCmd               0x0800045a   Section        0  stm32f10x_adc.o(i.ADC_SoftwareStartConvCmd)
    i.ADC_StartCalibration                   0x08000470   Section        0  stm32f10x_adc.o(i.ADC_StartCalibration)
    i.Adc_Init                               0x0800047c   Section        0  adc.o(i.Adc_Init)
    i.BusFault_Handler                       0x08000508   Section        0  stm32f10x_it.o(i.BusFault_Handler)
    i.DebugMon_Handler                       0x0800050c   Section        0  stm32f10x_it.o(i.DebugMon_Handler)
    i.Display_sudoko                         0x0800050e   Section        0  sudoku.o(i.Display_sudoko)
    i.GPIO_Init                              0x08000570   Section        0  stm32f10x_gpio.o(i.GPIO_Init)
    i.GPIO_PinRemapConfig                    0x08000688   Section        0  stm32f10x_gpio.o(i.GPIO_PinRemapConfig)
    i.GPIO_ResetBits                         0x08000718   Section        0  stm32f10x_gpio.o(i.GPIO_ResetBits)
    i.GPIO_SetBits                           0x0800071c   Section        0  stm32f10x_gpio.o(i.GPIO_SetBits)
    i.Get_Adc                                0x08000720   Section        0  adc.o(i.Get_Adc)
    i.Gui_Circle                             0x08000754   Section        0  gui.o(i.Gui_Circle)
    i.Gui_DrawFont_GBK16                     0x08000880   Section        0  gui.o(i.Gui_DrawFont_GBK16)
    i.Gui_DrawFont_GBK24                     0x08000a14   Section        0  gui.o(i.Gui_DrawFont_GBK24)
    i.Gui_DrawFont_Num32                     0x08000c04   Section        0  gui.o(i.Gui_DrawFont_Num32)
    i.Gui_DrawLine                           0x08000c84   Section        0  gui.o(i.Gui_DrawLine)
    i.Gui_DrawPoint                          0x08000d3e   Section        0  lcd_driver.o(i.Gui_DrawPoint)
    i.HardFault_Handler                      0x08000d5e   Section        0  stm32f10x_it.o(i.HardFault_Handler)
    i.LCD_GPIO_Init                          0x08000d64   Section        0  lcd_init.o(i.LCD_GPIO_Init)
    i.LCD_WriteData_16Bit                    0x08000dcc   Section        0  lcd_driver.o(i.LCD_WriteData_16Bit)
    i.LED_Init                               0x08000dfc   Section        0  led.o(i.LED_Init)
    i.Lcd_Clear                              0x08000e64   Section        0  lcd_driver.o(i.Lcd_Clear)
    i.Lcd_Init                               0x08000e96   Section        0  lcd_driver.o(i.Lcd_Init)
    i.Lcd_Reset                              0x080010b8   Section        0  lcd_driver.o(i.Lcd_Reset)
    i.Lcd_SetRegion                          0x080010e0   Section        0  lcd_driver.o(i.Lcd_SetRegion)
    i.Lcd_SetXY                              0x08001136   Section        0  lcd_driver.o(i.Lcd_SetXY)
    i.Lcd_WriteData                          0x0800114c   Section        0  lcd_driver.o(i.Lcd_WriteData)
    i.Lcd_WriteIndex                         0x08001174   Section        0  lcd_driver.o(i.Lcd_WriteIndex)
    i.MemManage_Handler                      0x0800119c   Section        0  stm32f10x_it.o(i.MemManage_Handler)
    i.NMI_Handler                            0x080011a0   Section        0  stm32f10x_it.o(i.NMI_Handler)
    i.NVIC_Init                              0x080011a4   Section        0  misc.o(i.NVIC_Init)
    i.NVIC_PriorityGroupConfig               0x08001214   Section        0  misc.o(i.NVIC_PriorityGroupConfig)
    i.OSInit                                 0x08001228   Section        0  os_core.o(i.OSInit)
    i.OSInitHookBegin                        0x08001254   Section        0  os_cpu_c.o(i.OSInitHookBegin)
    i.OSInitHookEnd                          0x08001256   Section        0  os_cpu_c.o(i.OSInitHookEnd)
    i.OSIntEnter                             0x08001258   Section        0  os_core.o(i.OSIntEnter)
    i.OSIntExit                              0x0800127c   Section        0  os_core.o(i.OSIntExit)
    i.OSMboxCreate                           0x0800130c   Section        0  os_mbox.o(i.OSMboxCreate)
    i.OSSchedLock                            0x08001358   Section        0  os_core.o(i.OSSchedLock)
    i.OSSchedUnlock                          0x08001398   Section        0  os_core.o(i.OSSchedUnlock)
    i.OSStart                                0x080013f8   Section        0  os_core.o(i.OSStart)
    i.OSTCBInitHook                          0x08001440   Section        0  os_cpu_c.o(i.OSTCBInitHook)
    i.OSTaskCreate                           0x08001444   Section        0  os_task.o(i.OSTaskCreate)
    i.OSTaskCreateExt                        0x080014e4   Section        0  os_task.o(i.OSTaskCreateExt)
    i.OSTaskCreateHook                       0x0800159c   Section        0  os_cpu_c.o(i.OSTaskCreateHook)
    i.OSTaskDel                              0x080015a0   Section        0  os_task.o(i.OSTaskDel)
    i.OSTaskDelHook                          0x080016f4   Section        0  os_cpu_c.o(i.OSTaskDelHook)
    i.OSTaskIdleHook                         0x080016f6   Section        0  os_cpu_c.o(i.OSTaskIdleHook)
    i.OSTaskNameSet                          0x080016f8   Section        0  os_task.o(i.OSTaskNameSet)
    i.OSTaskResume                           0x08001768   Section        0  os_task.o(i.OSTaskResume)
    i.OSTaskStatHook                         0x08001814   Section        0  os_cpu_c.o(i.OSTaskStatHook)
    i.OSTaskStkChk                           0x08001818   Section        0  os_task.o(i.OSTaskStkChk)
    i.OSTaskStkInit                          0x080018a4   Section        0  os_cpu_c.o(i.OSTaskStkInit)
    i.OSTaskSuspend                          0x08001940   Section        0  os_task.o(i.OSTaskSuspend)
    i.OSTaskSwHook                           0x080019e8   Section        0  os_cpu_c.o(i.OSTaskSwHook)
    i.OSTimeDly                              0x080019ec   Section        0  os_time.o(i.OSTimeDly)
    i.OSTimeTick                             0x08001a64   Section        0  os_core.o(i.OSTimeTick)
    i.OSTimeTickHook                         0x08001b50   Section        0  os_cpu_c.o(i.OSTimeTickHook)
    i.OS_Dummy                               0x08001b52   Section        0  os_core.o(i.OS_Dummy)
    i.OS_EventTaskRemove                     0x08001b54   Section        0  os_core.o(i.OS_EventTaskRemove)
    i.OS_EventWaitListInit                   0x08001b7e   Section        0  os_core.o(i.OS_EventWaitListInit)
    i.OS_FlagInit                            0x08001b9c   Section        0  os_flag.o(i.OS_FlagInit)
    i.OS_FlagUnlink                          0x08001bf4   Section        0  os_flag.o(i.OS_FlagUnlink)
    i.OS_InitEventList                       0x08001c18   Section        0  os_core.o(i.OS_InitEventList)
    OS_InitEventList                         0x08001c19   Thumb Code    74  os_core.o(i.OS_InitEventList)
    i.OS_InitMisc                            0x08001c6c   Section        0  os_core.o(i.OS_InitMisc)
    OS_InitMisc                              0x08001c6d   Thumb Code    44  os_core.o(i.OS_InitMisc)
    i.OS_InitRdyList                         0x08001cc0   Section        0  os_core.o(i.OS_InitRdyList)
    OS_InitRdyList                           0x08001cc1   Thumb Code    44  os_core.o(i.OS_InitRdyList)
    i.OS_InitTCBList                         0x08001d04   Section        0  os_core.o(i.OS_InitTCBList)
    OS_InitTCBList                           0x08001d05   Thumb Code   106  os_core.o(i.OS_InitTCBList)
    i.OS_InitTaskIdle                        0x08001d84   Section        0  os_core.o(i.OS_InitTaskIdle)
    OS_InitTaskIdle                          0x08001d85   Thumb Code    50  os_core.o(i.OS_InitTaskIdle)
    i.OS_InitTaskStat                        0x08001dd4   Section        0  os_core.o(i.OS_InitTaskStat)
    OS_InitTaskStat                          0x08001dd5   Thumb Code    50  os_core.o(i.OS_InitTaskStat)
    i.OS_MemClr                              0x08001e24   Section        0  os_core.o(i.OS_MemClr)
    i.OS_QInit                               0x08001e38   Section        0  os_q.o(i.OS_QInit)
    i.OS_Sched                               0x08001e88   Section        0  os_core.o(i.OS_Sched)
    i.OS_SchedNew                            0x08001efc   Section        0  os_core.o(i.OS_SchedNew)
    OS_SchedNew                              0x08001efd   Thumb Code    26  os_core.o(i.OS_SchedNew)
    i.OS_TCBInit                             0x08001f28   Section        0  os_core.o(i.OS_TCBInit)
    i.OS_TaskIdle                            0x0800205c   Section        0  os_core.o(i.OS_TaskIdle)
    i.OS_TaskStat                            0x08002084   Section        0  os_core.o(i.OS_TaskStat)
    i.OS_TaskStatStkChk                      0x0800210c   Section        0  os_core.o(i.OS_TaskStatStkChk)
    i.OS_TaskStkClr                          0x08002148   Section        0  os_task.o(i.OS_TaskStkClr)
    i.RCC_ADCCLKConfig                       0x08002164   Section        0  stm32f10x_rcc.o(i.RCC_ADCCLKConfig)
    i.RCC_APB2PeriphClockCmd                 0x0800217c   Section        0  stm32f10x_rcc.o(i.RCC_APB2PeriphClockCmd)
    i.RCC_APB2PeriphResetCmd                 0x0800219c   Section        0  stm32f10x_rcc.o(i.RCC_APB2PeriphResetCmd)
    i.RCC_GetClocksFreq                      0x080021bc   Section        0  stm32f10x_rcc.o(i.RCC_GetClocksFreq)
    i.SPI_WriteData                          0x08002290   Section        0  lcd_driver.o(i.SPI_WriteData)
    i.SVC_Handler                            0x080022d0   Section        0  stm32f10x_it.o(i.SVC_Handler)
    i.SetSysClock                            0x080022d2   Section        0  system_stm32f10x.o(i.SetSysClock)
    SetSysClock                              0x080022d3   Thumb Code     8  system_stm32f10x.o(i.SetSysClock)
    i.SetSysClockTo72                        0x080022dc   Section        0  system_stm32f10x.o(i.SetSysClockTo72)
    SetSysClockTo72                          0x080022dd   Thumb Code   214  system_stm32f10x.o(i.SetSysClockTo72)
    i.SysTick_CLKSourceConfig                0x080023bc   Section        0  misc.o(i.SysTick_CLKSourceConfig)
    i.SysTick_Handler                        0x080023e4   Section        0  delay.o(i.SysTick_Handler)
    i.SystemInit                             0x08002400   Section        0  system_stm32f10x.o(i.SystemInit)
    i.USART1_IRQHandler                      0x08002460   Section        0  usart.o(i.USART1_IRQHandler)
    i.USART_Cmd                              0x080024f0   Section        0  stm32f10x_usart.o(i.USART_Cmd)
    i.USART_GetITStatus                      0x08002508   Section        0  stm32f10x_usart.o(i.USART_GetITStatus)
    i.USART_ITConfig                         0x0800255c   Section        0  stm32f10x_usart.o(i.USART_ITConfig)
    i.USART_Init                             0x080025a8   Section        0  stm32f10x_usart.o(i.USART_Init)
    i.USART_ReceiveData                      0x08002680   Section        0  stm32f10x_usart.o(i.USART_ReceiveData)
    i.UsageFault_Handler                     0x0800268a   Section        0  stm32f10x_it.o(i.UsageFault_Handler)
    i.__0sprintf$1                           0x08002690   Section        0  printf1.o(i.__0sprintf$1)
    i.__scatterload_copy                     0x080026b8   Section       14  handlers.o(i.__scatterload_copy)
    i.__scatterload_null                     0x080026c6   Section        2  handlers.o(i.__scatterload_null)
    i.__scatterload_zeroinit                 0x080026c8   Section       14  handlers.o(i.__scatterload_zeroinit)
    i._printf_core                           0x080026d8   Section        0  printf1.o(i._printf_core)
    _printf_core                             0x080026d9   Thumb Code   336  printf1.o(i._printf_core)
    i._sputc                                 0x0800282c   Section        0  printf1.o(i._sputc)
    _sputc                                   0x0800282d   Thumb Code    10  printf1.o(i._sputc)
    i.delay_init                             0x08002838   Section        0  delay.o(i.delay_init)
    i.delay_ms                               0x08002894   Section        0  delay.o(i.delay_ms)
    i.delay_osschedlock                      0x080028e4   Section        0  delay.o(i.delay_osschedlock)
    i.delay_osschedunlock                    0x080028ec   Section        0  delay.o(i.delay_osschedunlock)
    i.delay_ostimedly                        0x080028f4   Section        0  delay.o(i.delay_ostimedly)
    i.delay_us                               0x08002900   Section        0  delay.o(i.delay_us)
    i.fill_sudoku                            0x0800295c   Section        0  sudoku.o(i.fill_sudoku)
    i.game_menu                              0x080029c4   Section        0  menu.o(i.game_menu)
    i.game_menu_task                         0x08002a34   Section        0  main.o(i.game_menu_task)
    i.game_task                              0x08002aa0   Section        0  main.o(i.game_task)
    i.generate_random_sudoku                 0x08002ce8   Section        0  sudoku.o(i.generate_random_sudoku)
    i.is_correct                             0x08002d64   Section        0  sudoku.o(i.is_correct)
    i.is_valid_move                          0x08002d88   Section        0  sudoku.o(i.is_valid_move)
    i.key_Init                               0x08002e18   Section        0  key.o(i.key_Init)
    i.key_Scan                               0x08002e60   Section        0  key.o(i.key_Scan)
    i.led_task                               0x08002fec   Section        0  main.o(i.led_task)
    i.main                                   0x08003060   Section        0  main.o(i.main)
    i.name_menu                              0x080030a4   Section        0  menu.o(i.name_menu)
    i.name_task                              0x08003144   Section        0  main.o(i.name_task)
    i.random_remove                          0x080031c8   Section        0  sudoku.o(i.random_remove)
    i.set_time                               0x080031f8   Section        0  main.o(i.set_time)
    i.show_eggs                              0x08003270   Section        0  menu.o(i.show_eggs)
    i.show_false                             0x080032ac   Section        0  menu.o(i.show_false)
    i.show_score                             0x080032dc   Section        0  menu.o(i.show_score)
    i.show_sudoku                            0x08003364   Section        0  sudoku.o(i.show_sudoku)
    i.show_time                              0x0800341c   Section        0  menu.o(i.show_time)
    i.show_timeover                          0x08003498   Section        0  menu.o(i.show_timeover)
    i.show_victory                           0x080034d4   Section        0  menu.o(i.show_victory)
    i.shuffle_array                          0x0800350c   Section        0  sudoku.o(i.shuffle_array)
    i.start_task                             0x08003540   Section        0  main.o(i.start_task)
    i.time_task                              0x080035a0   Section        0  main.o(i.time_task)
    i.uart_init                              0x08003600   Section        0  usart.o(i.uart_init)
    .constdata                               0x080036a0   Section       16  key.o(.constdata)
    .constdata                               0x080036b0   Section     5630  gui.o(.constdata)
    .constdata                               0x08004cae   Section      256  os_core.o(.constdata)
    .data                                    0x20000000   Section       20  main.o(.data)
    .data                                    0x20000014   Section       20  system_stm32f10x.o(.data)
    .data                                    0x20000028   Section       36  sudoku.o(.data)
    numbers                                  0x20000028   Data          36  sudoku.o(.data)
    .data                                    0x2000004c   Section        4  delay.o(.data)
    fac_us                                   0x2000004c   Data           1  delay.o(.data)
    fac_ms                                   0x2000004e   Data           2  delay.o(.data)
    .data                                    0x20000050   Section        6  usart.o(.data)
    .data                                    0x20000056   Section       20  stm32f10x_rcc.o(.data)
    APBAHBPrescTable                         0x20000056   Data          16  stm32f10x_rcc.o(.data)
    ADCPrescTable                            0x20000066   Data           4  stm32f10x_rcc.o(.data)
    .data                                    0x2000006c   Section       72  os_core.o(.data)
    .data                                    0x200000b4   Section        4  rand.o(.data)
    _rand_state                              0x200000b4   Data           4  rand.o(.data)
    .bss                                     0x200000b8   Section    11656  main.o(.bss)
    .bss                                     0x20002e40   Section      100  sudoku.o(.bss)
    .bss                                     0x20002ea4   Section      200  usart.o(.bss)
    .bss                                     0x20002f6c   Section     2688  os_core.o(.bss)
    STACK                                    0x200039f0   Section     1024  startup_stm32f10x_hd.o(STACK)

    Global Symbols

    Symbol Name                              Value     Ov Type        Size  Object(Section)

    BuildAttributes$$THM_ISAv4$P$D$K$B$S$PE$A:L22UL41UL21$X:L11$S22US41US21$IEEE1$IW$USESV6$~STKCKD$USESV7$~SHL$OSPACE$ROPI$EBA8$MICROLIB$REQ8$PRES8$EABIv2 0x00000000   Number         0  anon$$obj.o ABSOLUTE
    __ARM_use_no_argv                        0x00000000   Number         0  main.o ABSOLUTE
    __use_no_errno                           0x00000000   Number         0  useno.o ABSOLUTE
    __use_no_exception_handling              0x00000000   Number         0  useno.o ABSOLUTE
    __use_no_fp                              0x00000000   Number         0  useno.o ABSOLUTE
    __use_no_heap                            0x00000000   Number         0  useno.o ABSOLUTE
    __use_no_heap_region                     0x00000000   Number         0  useno.o ABSOLUTE
    __use_no_semihosting                     0x00000000   Number         0  useno.o ABSOLUTE
    __use_no_semihosting_swi                 0x00000000   Number         0  useno.o ABSOLUTE
    __use_no_signal_handling                 0x00000000   Number         0  useno.o ABSOLUTE
    _printf_a                                0x00000000   Number         0  stubs.o ABSOLUTE
    _printf_c                                0x00000000   Number         0  stubs.o ABSOLUTE
    _printf_charcount                        0x00000000   Number         0  stubs.o ABSOLUTE
    _printf_d                                0x00000000   Number         0  stubs.o ABSOLUTE
    _printf_e                                0x00000000   Number         0  stubs.o ABSOLUTE
    _printf_f                                0x00000000   Number         0  stubs.o ABSOLUTE
    _printf_flags                            0x00000000   Number         0  stubs.o ABSOLUTE
    _printf_fp_dec                           0x00000000   Number         0  stubs.o ABSOLUTE
    _printf_fp_hex                           0x00000000   Number         0  stubs.o ABSOLUTE
    _printf_g                                0x00000000   Number         0  stubs.o ABSOLUTE
    _printf_i                                0x00000000   Number         0  stubs.o ABSOLUTE
    _printf_int_dec                          0x00000000   Number         0  stubs.o ABSOLUTE
    _printf_l                                0x00000000   Number         0  stubs.o ABSOLUTE
    _printf_lc                               0x00000000   Number         0  stubs.o ABSOLUTE
    _printf_ll                               0x00000000   Number         0  stubs.o ABSOLUTE
    _printf_lld                              0x00000000   Number         0  stubs.o ABSOLUTE
    _printf_lli                              0x00000000   Number         0  stubs.o ABSOLUTE
    _printf_llo                              0x00000000   Number         0  stubs.o ABSOLUTE
    _printf_llu                              0x00000000   Number         0  stubs.o ABSOLUTE
    _printf_llx                              0x00000000   Number         0  stubs.o ABSOLUTE
    _printf_longlong_dec                     0x00000000   Number         0  stubs.o ABSOLUTE
    _printf_longlong_hex                     0x00000000   Number         0  stubs.o ABSOLUTE
    _printf_longlong_oct                     0x00000000   Number         0  stubs.o ABSOLUTE
    _printf_ls                               0x00000000   Number         0  stubs.o ABSOLUTE
    _printf_mbtowc                           0x00000000   Number         0  stubs.o ABSOLUTE
    _printf_n                                0x00000000   Number         0  stubs.o ABSOLUTE
    _printf_o                                0x00000000   Number         0  stubs.o ABSOLUTE
    _printf_p                                0x00000000   Number         0  stubs.o ABSOLUTE
    _printf_percent                          0x00000000   Number         0  stubs.o ABSOLUTE
    _printf_pre_padding                      0x00000000   Number         0  stubs.o ABSOLUTE
    _printf_return_value                     0x00000000   Number         0  stubs.o ABSOLUTE
    _printf_s                                0x00000000   Number         0  stubs.o ABSOLUTE
    _printf_sizespec                         0x00000000   Number         0  stubs.o ABSOLUTE
    _printf_str                              0x00000000   Number         0  stubs.o ABSOLUTE
    _printf_truncate_signed                  0x00000000   Number         0  stubs.o ABSOLUTE
    _printf_truncate_unsigned                0x00000000   Number         0  stubs.o ABSOLUTE
    _printf_u                                0x00000000   Number         0  stubs.o ABSOLUTE
    _printf_wc                               0x00000000   Number         0  stubs.o ABSOLUTE
    _printf_wctomb                           0x00000000   Number         0  stubs.o ABSOLUTE
    _printf_widthprec                        0x00000000   Number         0  stubs.o ABSOLUTE
    _printf_x                                0x00000000   Number         0  stubs.o ABSOLUTE
    __cpp_initialize__aeabi_                  - Undefined Weak Reference
    __cxa_finalize                            - Undefined Weak Reference
    __decompress                              - Undefined Weak Reference
    _clock_init                               - Undefined Weak Reference
    _microlib_exit                            - Undefined Weak Reference
    __Vectors_Size                           0x00000130   Number         0  startup_stm32f10x_hd.o ABSOLUTE
    __Vectors                                0x08000000   Data           4  startup_stm32f10x_hd.o(RESET)
    __Vectors_End                            0x08000130   Data           0  startup_stm32f10x_hd.o(RESET)
    __main                                   0x08000131   Thumb Code     0  entry.o(.ARM.Collect$$$$00000000)
    _main_stk                                0x08000131   Thumb Code     0  entry2.o(.ARM.Collect$$$$00000001)
    _main_scatterload                        0x08000135   Thumb Code     0  entry5.o(.ARM.Collect$$$$00000004)
    __main_after_scatterload                 0x08000139   Thumb Code     0  entry5.o(.ARM.Collect$$$$00000004)
    _main_clock                              0x08000139   Thumb Code     0  entry7b.o(.ARM.Collect$$$$00000008)
    _main_cpp_init                           0x08000139   Thumb Code     0  entry8b.o(.ARM.Collect$$$$0000000A)
    _main_init                               0x08000139   Thumb Code     0  entry9a.o(.ARM.Collect$$$$0000000B)
    __rt_final_cpp                           0x08000141   Thumb Code     0  entry10a.o(.ARM.Collect$$$$0000000D)
    __rt_final_exit                          0x08000141   Thumb Code     0  entry11a.o(.ARM.Collect$$$$0000000F)
    Reset_Handler                            0x08000145   Thumb Code     8  startup_stm32f10x_hd.o(.text)
    ADC1_2_IRQHandler                        0x0800015f   Thumb Code     0  startup_stm32f10x_hd.o(.text)
    ADC3_IRQHandler                          0x0800015f   Thumb Code     0  startup_stm32f10x_hd.o(.text)
    CAN1_RX1_IRQHandler                      0x0800015f   Thumb Code     0  startup_stm32f10x_hd.o(.text)
    CAN1_SCE_IRQHandler                      0x0800015f   Thumb Code     0  startup_stm32f10x_hd.o(.text)
    DMA1_Channel1_IRQHandler                 0x0800015f   Thumb Code     0  startup_stm32f10x_hd.o(.text)
    DMA1_Channel2_IRQHandler                 0x0800015f   Thumb Code     0  startup_stm32f10x_hd.o(.text)
    DMA1_Channel3_IRQHandler                 0x0800015f   Thumb Code     0  startup_stm32f10x_hd.o(.text)
    DMA1_Channel4_IRQHandler                 0x0800015f   Thumb Code     0  startup_stm32f10x_hd.o(.text)
    DMA1_Channel5_IRQHandler                 0x0800015f   Thumb Code     0  startup_stm32f10x_hd.o(.text)
    DMA1_Channel6_IRQHandler                 0x0800015f   Thumb Code     0  startup_stm32f10x_hd.o(.text)
    DMA1_Channel7_IRQHandler                 0x0800015f   Thumb Code     0  startup_stm32f10x_hd.o(.text)
    DMA2_Channel1_IRQHandler                 0x0800015f   Thumb Code     0  startup_stm32f10x_hd.o(.text)
    DMA2_Channel2_IRQHandler                 0x0800015f   Thumb Code     0  startup_stm32f10x_hd.o(.text)
    DMA2_Channel3_IRQHandler                 0x0800015f   Thumb Code     0  startup_stm32f10x_hd.o(.text)
    DMA2_Channel4_5_IRQHandler               0x0800015f   Thumb Code     0  startup_stm32f10x_hd.o(.text)
    EXTI0_IRQHandler                         0x0800015f   Thumb Code     0  startup_stm32f10x_hd.o(.text)
    EXTI15_10_IRQHandler                     0x0800015f   Thumb Code     0  startup_stm32f10x_hd.o(.text)
    EXTI1_IRQHandler                         0x0800015f   Thumb Code     0  startup_stm32f10x_hd.o(.text)
    EXTI2_IRQHandler                         0x0800015f   Thumb Code     0  startup_stm32f10x_hd.o(.text)
    EXTI3_IRQHandler                         0x0800015f   Thumb Code     0  startup_stm32f10x_hd.o(.text)
    EXTI4_IRQHandler                         0x0800015f   Thumb Code     0  startup_stm32f10x_hd.o(.text)
    EXTI9_5_IRQHandler                       0x0800015f   Thumb Code     0  startup_stm32f10x_hd.o(.text)
    FLASH_IRQHandler                         0x0800015f   Thumb Code     0  startup_stm32f10x_hd.o(.text)
    FSMC_IRQHandler                          0x0800015f   Thumb Code     0  startup_stm32f10x_hd.o(.text)
    I2C1_ER_IRQHandler                       0x0800015f   Thumb Code     0  startup_stm32f10x_hd.o(.text)
    I2C1_EV_IRQHandler                       0x0800015f   Thumb Code     0  startup_stm32f10x_hd.o(.text)
    I2C2_ER_IRQHandler                       0x0800015f   Thumb Code     0  startup_stm32f10x_hd.o(.text)
    I2C2_EV_IRQHandler                       0x0800015f   Thumb Code     0  startup_stm32f10x_hd.o(.text)
    PVD_IRQHandler                           0x0800015f   Thumb Code     0  startup_stm32f10x_hd.o(.text)
    RCC_IRQHandler                           0x0800015f   Thumb Code     0  startup_stm32f10x_hd.o(.text)
    RTCAlarm_IRQHandler                      0x0800015f   Thumb Code     0  startup_stm32f10x_hd.o(.text)
    RTC_IRQHandler                           0x0800015f   Thumb Code     0  startup_stm32f10x_hd.o(.text)
    SDIO_IRQHandler                          0x0800015f   Thumb Code     0  startup_stm32f10x_hd.o(.text)
    SPI1_IRQHandler                          0x0800015f   Thumb Code     0  startup_stm32f10x_hd.o(.text)
    SPI2_IRQHandler                          0x0800015f   Thumb Code     0  startup_stm32f10x_hd.o(.text)
    SPI3_IRQHandler                          0x0800015f   Thumb Code     0  startup_stm32f10x_hd.o(.text)
    TAMPER_IRQHandler                        0x0800015f   Thumb Code     0  startup_stm32f10x_hd.o(.text)
    TIM1_BRK_IRQHandler                      0x0800015f   Thumb Code     0  startup_stm32f10x_hd.o(.text)
    TIM1_CC_IRQHandler                       0x0800015f   Thumb Code     0  startup_stm32f10x_hd.o(.text)
    TIM1_TRG_COM_IRQHandler                  0x0800015f   Thumb Code     0  startup_stm32f10x_hd.o(.text)
    TIM1_UP_IRQHandler                       0x0800015f   Thumb Code     0  startup_stm32f10x_hd.o(.text)
    TIM2_IRQHandler                          0x0800015f   Thumb Code     0  startup_stm32f10x_hd.o(.text)
    TIM3_IRQHandler                          0x0800015f   Thumb Code     0  startup_stm32f10x_hd.o(.text)
    TIM4_IRQHandler                          0x0800015f   Thumb Code     0  startup_stm32f10x_hd.o(.text)
    TIM5_IRQHandler                          0x0800015f   Thumb Code     0  startup_stm32f10x_hd.o(.text)
    TIM6_IRQHandler                          0x0800015f   Thumb Code     0  startup_stm32f10x_hd.o(.text)
    TIM7_IRQHandler                          0x0800015f   Thumb Code     0  startup_stm32f10x_hd.o(.text)
    TIM8_BRK_IRQHandler                      0x0800015f   Thumb Code     0  startup_stm32f10x_hd.o(.text)
    TIM8_CC_IRQHandler                       0x0800015f   Thumb Code     0  startup_stm32f10x_hd.o(.text)
    TIM8_TRG_COM_IRQHandler                  0x0800015f   Thumb Code     0  startup_stm32f10x_hd.o(.text)
    TIM8_UP_IRQHandler                       0x0800015f   Thumb Code     0  startup_stm32f10x_hd.o(.text)
    UART4_IRQHandler                         0x0800015f   Thumb Code     0  startup_stm32f10x_hd.o(.text)
    UART5_IRQHandler                         0x0800015f   Thumb Code     0  startup_stm32f10x_hd.o(.text)
    USART2_IRQHandler                        0x0800015f   Thumb Code     0  startup_stm32f10x_hd.o(.text)
    USART3_IRQHandler                        0x0800015f   Thumb Code     0  startup_stm32f10x_hd.o(.text)
    USBWakeUp_IRQHandler                     0x0800015f   Thumb Code     0  startup_stm32f10x_hd.o(.text)
    USB_HP_CAN1_TX_IRQHandler                0x0800015f   Thumb Code     0  startup_stm32f10x_hd.o(.text)
    USB_LP_CAN1_RX0_IRQHandler               0x0800015f   Thumb Code     0  startup_stm32f10x_hd.o(.text)
    WWDG_IRQHandler                          0x0800015f   Thumb Code     0  startup_stm32f10x_hd.o(.text)
    OS_CPU_SR_Save                           0x08000169   Thumb Code     0  os_cpu_a.o(.text)
    OS_CPU_SR_Restore                        0x08000171   Thumb Code     0  os_cpu_a.o(.text)
    OSStartHighRdy                           0x08000177   Thumb Code     0  os_cpu_a.o(.text)
    OSCtxSw                                  0x08000199   Thumb Code     0  os_cpu_a.o(.text)
    OSIntCtxSw                               0x080001a7   Thumb Code     0  os_cpu_a.o(.text)
    PendSV_Handler                           0x080001b7   Thumb Code     0  os_cpu_a.o(.text)
    rand                                     0x0800021d   Thumb Code    20  rand.o(.text)
    srand                                    0x08000231   Thumb Code     6  rand.o(.text)
    __aeabi_uidiv                            0x08000241   Thumb Code     0  uidiv.o(.text)
    __aeabi_uidivmod                         0x08000241   Thumb Code    44  uidiv.o(.text)
    __scatterload                            0x0800026d   Thumb Code    28  init.o(.text)
    __scatterload_rt2                        0x0800026d   Thumb Code     0  init.o(.text)
    ADC_Cmd                                  0x08000291   Thumb Code    22  stm32f10x_adc.o(i.ADC_Cmd)
    ADC_DeInit                               0x080002a9   Thumb Code    78  stm32f10x_adc.o(i.ADC_DeInit)
    ADC_GetCalibrationStatus                 0x08000305   Thumb Code    20  stm32f10x_adc.o(i.ADC_GetCalibrationStatus)
    ADC_GetConversionValue                   0x08000319   Thumb Code     8  stm32f10x_adc.o(i.ADC_GetConversionValue)
    ADC_GetFlagStatus                        0x08000321   Thumb Code    18  stm32f10x_adc.o(i.ADC_GetFlagStatus)
    ADC_GetResetCalibrationStatus            0x08000333   Thumb Code    20  stm32f10x_adc.o(i.ADC_GetResetCalibrationStatus)
    ADC_Init                                 0x08000349   Thumb Code    70  stm32f10x_adc.o(i.ADC_Init)
    ADC_RegularChannelConfig                 0x08000399   Thumb Code   184  stm32f10x_adc.o(i.ADC_RegularChannelConfig)
    ADC_ResetCalibration                     0x08000451   Thumb Code    10  stm32f10x_adc.o(i.ADC_ResetCalibration)
    ADC_SoftwareStartConvCmd                 0x0800045b   Thumb Code    22  stm32f10x_adc.o(i.ADC_SoftwareStartConvCmd)
    ADC_StartCalibration                     0x08000471   Thumb Code    10  stm32f10x_adc.o(i.ADC_StartCalibration)
    Adc_Init                                 0x0800047d   Thumb Code   132  adc.o(i.Adc_Init)
    BusFault_Handler                         0x08000509   Thumb Code     4  stm32f10x_it.o(i.BusFault_Handler)
    DebugMon_Handler                         0x0800050d   Thumb Code     2  stm32f10x_it.o(i.DebugMon_Handler)
    Display_sudoko                           0x0800050f   Thumb Code    98  sudoku.o(i.Display_sudoko)
    GPIO_Init                                0x08000571   Thumb Code   278  stm32f10x_gpio.o(i.GPIO_Init)
    GPIO_PinRemapConfig                      0x08000689   Thumb Code   138  stm32f10x_gpio.o(i.GPIO_PinRemapConfig)
    GPIO_ResetBits                           0x08000719   Thumb Code     4  stm32f10x_gpio.o(i.GPIO_ResetBits)
    GPIO_SetBits                             0x0800071d   Thumb Code     4  stm32f10x_gpio.o(i.GPIO_SetBits)
    Get_Adc                                  0x08000721   Thumb Code    46  adc.o(i.Get_Adc)
    Gui_Circle                               0x08000755   Thumb Code   300  gui.o(i.Gui_Circle)
    Gui_DrawFont_GBK16                       0x08000881   Thumb Code   394  gui.o(i.Gui_DrawFont_GBK16)
    Gui_DrawFont_GBK24                       0x08000a15   Thumb Code   486  gui.o(i.Gui_DrawFont_GBK24)
    Gui_DrawFont_Num32                       0x08000c05   Thumb Code   124  gui.o(i.Gui_DrawFont_Num32)
    Gui_DrawLine                             0x08000c85   Thumb Code   186  gui.o(i.Gui_DrawLine)
    Gui_DrawPoint                            0x08000d3f   Thumb Code    32  lcd_driver.o(i.Gui_DrawPoint)
    HardFault_Handler                        0x08000d5f   Thumb Code     4  stm32f10x_it.o(i.HardFault_Handler)
    LCD_GPIO_Init                            0x08000d65   Thumb Code    98  lcd_init.o(i.LCD_GPIO_Init)
    LCD_WriteData_16Bit                      0x08000dcd   Thumb Code    42  lcd_driver.o(i.LCD_WriteData_16Bit)
    LED_Init                                 0x08000dfd   Thumb Code    92  led.o(i.LED_Init)
    Lcd_Clear                                0x08000e65   Thumb Code    50  lcd_driver.o(i.Lcd_Clear)
    Lcd_Init                                 0x08000e97   Thumb Code   546  lcd_driver.o(i.Lcd_Init)
    Lcd_Reset                                0x080010b9   Thumb Code    34  lcd_driver.o(i.Lcd_Reset)
    Lcd_SetRegion                            0x080010e1   Thumb Code    86  lcd_driver.o(i.Lcd_SetRegion)
    Lcd_SetXY                                0x08001137   Thumb Code    20  lcd_driver.o(i.Lcd_SetXY)
    Lcd_WriteData                            0x0800114d   Thumb Code    36  lcd_driver.o(i.Lcd_WriteData)
    Lcd_WriteIndex                           0x08001175   Thumb Code    34  lcd_driver.o(i.Lcd_WriteIndex)
    MemManage_Handler                        0x0800119d   Thumb Code     4  stm32f10x_it.o(i.MemManage_Handler)
    NMI_Handler                              0x080011a1   Thumb Code     2  stm32f10x_it.o(i.NMI_Handler)
    NVIC_Init                                0x080011a5   Thumb Code   100  misc.o(i.NVIC_Init)
    NVIC_PriorityGroupConfig                 0x08001215   Thumb Code    10  misc.o(i.NVIC_PriorityGroupConfig)
    OSInit                                   0x08001229   Thumb Code    44  os_core.o(i.OSInit)
    OSInitHookBegin                          0x08001255   Thumb Code     2  os_cpu_c.o(i.OSInitHookBegin)
    OSInitHookEnd                            0x08001257   Thumb Code     2  os_cpu_c.o(i.OSInitHookEnd)
    OSIntEnter                               0x08001259   Thumb Code    28  os_core.o(i.OSIntEnter)
    OSIntExit                                0x0800127d   Thumb Code   112  os_core.o(i.OSIntExit)
    OSMboxCreate                             0x0800130d   Thumb Code    68  os_mbox.o(i.OSMboxCreate)
    OSSchedLock                              0x08001359   Thumb Code    50  os_core.o(i.OSSchedLock)
    OSSchedUnlock                            0x08001399   Thumb Code    82  os_core.o(i.OSSchedUnlock)
    OSStart                                  0x080013f9   Thumb Code    48  os_core.o(i.OSStart)
    OSTCBInitHook                            0x08001441   Thumb Code     2  os_cpu_c.o(i.OSTCBInitHook)
    OSTaskCreate                             0x08001445   Thumb Code   148  os_task.o(i.OSTaskCreate)
    OSTaskCreateExt                          0x080014e5   Thumb Code   170  os_task.o(i.OSTaskCreateExt)
    OSTaskCreateHook                         0x0800159d   Thumb Code     2  os_cpu_c.o(i.OSTaskCreateHook)
    OSTaskDel                                0x080015a1   Thumb Code   294  os_task.o(i.OSTaskDel)
    OSTaskDelHook                            0x080016f5   Thumb Code     2  os_cpu_c.o(i.OSTaskDelHook)
    OSTaskIdleHook                           0x080016f7   Thumb Code     2  os_cpu_c.o(i.OSTaskIdleHook)
    OSTaskNameSet                            0x080016f9   Thumb Code    98  os_task.o(i.OSTaskNameSet)
    OSTaskResume                             0x08001769   Thumb Code   154  os_task.o(i.OSTaskResume)
    OSTaskStatHook                           0x08001815   Thumb Code     2  os_cpu_c.o(i.OSTaskStatHook)
    OSTaskStkChk                             0x08001819   Thumb Code   132  os_task.o(i.OSTaskStkChk)
    OSTaskStkInit                            0x080018a5   Thumb Code   154  os_cpu_c.o(i.OSTaskStkInit)
    OSTaskSuspend                            0x08001941   Thumb Code   152  os_task.o(i.OSTaskSuspend)
    OSTaskSwHook                             0x080019e9   Thumb Code     2  os_cpu_c.o(i.OSTaskSwHook)
    OSTimeDly                                0x080019ed   Thumb Code   100  os_time.o(i.OSTimeDly)
    OSTimeTick                               0x08001a65   Thumb Code   210  os_core.o(i.OSTimeTick)
    OSTimeTickHook                           0x08001b51   Thumb Code     2  os_cpu_c.o(i.OSTimeTickHook)
    OS_Dummy                                 0x08001b53   Thumb Code     2  os_core.o(i.OS_Dummy)
    OS_EventTaskRemove                       0x08001b55   Thumb Code    42  os_core.o(i.OS_EventTaskRemove)
    OS_EventWaitListInit                     0x08001b7f   Thumb Code    28  os_core.o(i.OS_EventWaitListInit)
    OS_FlagInit                              0x08001b9d   Thumb Code    74  os_flag.o(i.OS_FlagInit)
    OS_FlagUnlink                            0x08001bf5   Thumb Code    36  os_flag.o(i.OS_FlagUnlink)
    OS_MemClr                                0x08001e25   Thumb Code    18  os_core.o(i.OS_MemClr)
    OS_QInit                                 0x08001e39   Thumb Code    72  os_q.o(i.OS_QInit)
    OS_Sched                                 0x08001e89   Thumb Code    88  os_core.o(i.OS_Sched)
    OS_TCBInit                               0x08001f29   Thumb Code   278  os_core.o(i.OS_TCBInit)
    OS_TaskIdle                              0x0800205d   Thumb Code    34  os_core.o(i.OS_TaskIdle)
    OS_TaskStat                              0x08002085   Thumb Code   116  os_core.o(i.OS_TaskStat)
    OS_TaskStatStkChk                        0x0800210d   Thumb Code    54  os_core.o(i.OS_TaskStatStkChk)
    OS_TaskStkClr                            0x08002149   Thumb Code    26  os_task.o(i.OS_TaskStkClr)
    RCC_ADCCLKConfig                         0x08002165   Thumb Code    18  stm32f10x_rcc.o(i.RCC_ADCCLKConfig)
    RCC_APB2PeriphClockCmd                   0x0800217d   Thumb Code    26  stm32f10x_rcc.o(i.RCC_APB2PeriphClockCmd)
    RCC_APB2PeriphResetCmd                   0x0800219d   Thumb Code    26  stm32f10x_rcc.o(i.RCC_APB2PeriphResetCmd)
    RCC_GetClocksFreq                        0x080021bd   Thumb Code   192  stm32f10x_rcc.o(i.RCC_GetClocksFreq)
    SPI_WriteData                            0x08002291   Thumb Code    60  lcd_driver.o(i.SPI_WriteData)
    SVC_Handler                              0x080022d1   Thumb Code     2  stm32f10x_it.o(i.SVC_Handler)
    SysTick_CLKSourceConfig                  0x080023bd   Thumb Code    40  misc.o(i.SysTick_CLKSourceConfig)
    SysTick_Handler                          0x080023e5   Thumb Code    24  delay.o(i.SysTick_Handler)
    SystemInit                               0x08002401   Thumb Code    78  system_stm32f10x.o(i.SystemInit)
    USART1_IRQHandler                        0x08002461   Thumb Code   130  usart.o(i.USART1_IRQHandler)
    USART_Cmd                                0x080024f1   Thumb Code    24  stm32f10x_usart.o(i.USART_Cmd)
    USART_GetITStatus                        0x08002509   Thumb Code    84  stm32f10x_usart.o(i.USART_GetITStatus)
    USART_ITConfig                           0x0800255d   Thumb Code    74  stm32f10x_usart.o(i.USART_ITConfig)
    USART_Init                               0x080025a9   Thumb Code   210  stm32f10x_usart.o(i.USART_Init)
    USART_ReceiveData                        0x08002681   Thumb Code    10  stm32f10x_usart.o(i.USART_ReceiveData)
    UsageFault_Handler                       0x0800268b   Thumb Code     4  stm32f10x_it.o(i.UsageFault_Handler)
    __0sprintf$1                             0x08002691   Thumb Code    34  printf1.o(i.__0sprintf$1)
    __1sprintf$1                             0x08002691   Thumb Code     0  printf1.o(i.__0sprintf$1)
    __2sprintf                               0x08002691   Thumb Code     0  printf1.o(i.__0sprintf$1)
    __scatterload_copy                       0x080026b9   Thumb Code    14  handlers.o(i.__scatterload_copy)
    __scatterload_null                       0x080026c7   Thumb Code     2  handlers.o(i.__scatterload_null)
    __scatterload_zeroinit                   0x080026c9   Thumb Code    14  handlers.o(i.__scatterload_zeroinit)
    delay_init                               0x08002839   Thumb Code    76  delay.o(i.delay_init)
    delay_ms                                 0x08002895   Thumb Code    66  delay.o(i.delay_ms)
    delay_osschedlock                        0x080028e5   Thumb Code     8  delay.o(i.delay_osschedlock)
    delay_osschedunlock                      0x080028ed   Thumb Code     8  delay.o(i.delay_osschedunlock)
    delay_ostimedly                          0x080028f5   Thumb Code    12  delay.o(i.delay_ostimedly)
    delay_us                                 0x08002901   Thumb Code    86  delay.o(i.delay_us)
    fill_sudoku                              0x0800295d   Thumb Code    98  sudoku.o(i.fill_sudoku)
    game_menu                                0x080029c5   Thumb Code    76  menu.o(i.game_menu)
    game_menu_task                           0x08002a35   Thumb Code    84  main.o(i.game_menu_task)
    game_task                                0x08002aa1   Thumb Code   560  main.o(i.game_task)
    generate_random_sudoku                   0x08002ce9   Thumb Code   124  sudoku.o(i.generate_random_sudoku)
    is_correct                               0x08002d65   Thumb Code    36  sudoku.o(i.is_correct)
    is_valid_move                            0x08002d89   Thumb Code   144  sudoku.o(i.is_valid_move)
    key_Init                                 0x08002e19   Thumb Code    66  key.o(i.key_Init)
    key_Scan                                 0x08002e61   Thumb Code   382  key.o(i.key_Scan)
    led_task                                 0x08002fed   Thumb Code   102  main.o(i.led_task)
    main                                     0x08003061   Thumb Code    58  main.o(i.main)
    name_menu                                0x080030a5   Thumb Code   108  menu.o(i.name_menu)
    name_task                                0x08003145   Thumb Code   120  main.o(i.name_task)
    random_remove                            0x080031c9   Thumb Code    48  sudoku.o(i.random_remove)
    set_time                                 0x080031f9   Thumb Code   110  main.o(i.set_time)
    show_eggs                                0x08003271   Thumb Code    58  menu.o(i.show_eggs)
    show_false                               0x080032ad   Thumb Code    40  menu.o(i.show_false)
    show_score                               0x080032dd   Thumb Code   122  menu.o(i.show_score)
    show_sudoku                              0x08003365   Thumb Code   174  sudoku.o(i.show_sudoku)
    show_time                                0x0800341d   Thumb Code   110  menu.o(i.show_time)
    show_timeover                            0x08003499   Thumb Code    48  menu.o(i.show_timeover)
    show_victory                             0x080034d5   Thumb Code    48  menu.o(i.show_victory)
    shuffle_array                            0x0800350d   Thumb Code    52  sudoku.o(i.shuffle_array)
    start_task                               0x08003541   Thumb Code    72  main.o(i.start_task)
    time_task                                0x080035a1   Thumb Code    78  main.o(i.time_task)
    uart_init                                0x08003601   Thumb Code   152  usart.o(i.uart_init)
    asc16                                    0x080036b0   Data        1521  gui.o(.constdata)
    sz32                                     0x08003ca1   Data        1921  gui.o(.constdata)
    hz16                                     0x08004422   Data         782  gui.o(.constdata)
    hz24                                     0x08004730   Data        1406  gui.o(.constdata)
    OSUnMapTbl                               0x08004cae   Data         256  os_core.o(.constdata)
    Region$$Table$$Base                      0x08004db0   Number         0  anon$$obj.o(Region$$Table)
    Region$$Table$$Limit                     0x08004dd0   Number         0  anon$$obj.o(Region$$Table)
    mbox_key                                 0x20000000   Data           4  main.o(.data)
    mbox_scanf                               0x20000004   Data           4  main.o(.data)
    key_f1                                   0x20000008   Data           2  main.o(.data)
    count                                    0x2000000c   Data           4  main.o(.data)
    overtime                                 0x20000010   Data           4  main.o(.data)
    SystemCoreClock                          0x20000014   Data           4  system_stm32f10x.o(.data)
    AHBPrescTable                            0x20000018   Data          16  system_stm32f10x.o(.data)
    __stdout                                 0x20000050   Data           4  usart.o(.data)
    USART_RX_STA                             0x20000054   Data           2  usart.o(.data)
    OSCtxSwCtr                               0x2000006c   Data           4  os_core.o(.data)
    OSEventFreeList                          0x20000070   Data           4  os_core.o(.data)
    OSFlagFreeList                           0x20000074   Data           4  os_core.o(.data)
    OSCPUUsage                               0x20000078   Data           1  os_core.o(.data)
    OSIdleCtrMax                             0x2000007c   Data           4  os_core.o(.data)
    OSIdleCtrRun                             0x20000080   Data           4  os_core.o(.data)
    OSStatRdy                                0x20000084   Data           1  os_core.o(.data)
    OSIntNesting                             0x20000085   Data           1  os_core.o(.data)
    OSLockNesting                            0x20000086   Data           1  os_core.o(.data)
    OSPrioCur                                0x20000087   Data           1  os_core.o(.data)
    OSPrioHighRdy                            0x20000088   Data           1  os_core.o(.data)
    OSRdyGrp                                 0x20000089   Data           1  os_core.o(.data)
    OSRdyTbl                                 0x2000008a   Data           8  os_core.o(.data)
    OSRunning                                0x20000092   Data           1  os_core.o(.data)
    OSTaskCtr                                0x20000093   Data           1  os_core.o(.data)
    OSIdleCtr                                0x20000094   Data           4  os_core.o(.data)
    OSTCBCur                                 0x20000098   Data           4  os_core.o(.data)
    OSTCBFreeList                            0x2000009c   Data           4  os_core.o(.data)
    OSTCBHighRdy                             0x200000a0   Data           4  os_core.o(.data)
    OSTCBList                                0x200000a4   Data           4  os_core.o(.data)
    OSTickStepState                          0x200000a8   Data           1  os_core.o(.data)
    OSQFreeList                              0x200000ac   Data           4  os_core.o(.data)
    OSTime                                   0x200000b0   Data           4  os_core.o(.data)
    START_TASK_STK                           0x200000b8   Data        2048  main.o(.bss)
    LED_TASK_STK                             0x200008b8   Data         512  main.o(.bss)
    Name_TASK_STK                            0x20000ab8   Data        4096  main.o(.bss)
    Game_menu_TASK_STK                       0x20001ab8   Data         256  main.o(.bss)
    Game_TASK_STK                            0x20001bb8   Data        2048  main.o(.bss)
    Time_TASK_STK                            0x200023b8   Data        2048  main.o(.bss)
    sudoku                                   0x20002bb8   Data         324  main.o(.bss)
    answer_sudoku                            0x20002cfc   Data         324  main.o(.bss)
    ss                                       0x20002e40   Data         100  sudoku.o(.bss)
    USART_RX_BUF                             0x20002ea4   Data         200  usart.o(.bss)
    OSEventTbl                               0x20002f6c   Data         200  os_core.o(.bss)
    OSFlagTbl                                0x20003034   Data          80  os_core.o(.bss)
    OSTaskStatStk                            0x20003084   Data         512  os_core.o(.bss)
    OSTaskIdleStk                            0x20003284   Data         512  os_core.o(.bss)
    OSTCBPrioTbl                             0x20003484   Data         256  os_core.o(.bss)
    OSTCBTbl                                 0x20003584   Data        1008  os_core.o(.bss)
    OSQTbl                                   0x20003974   Data         120  os_core.o(.bss)
    __initial_sp                             0x20003df0   Data           0  startup_stm32f10x_hd.o(STACK)



==============================================================================

Memory Map of the image

  Image Entry point : 0x08000145

  Load Region LR_1 (Base: 0x08000000, Size: 0x00004e88, Max: 0xffffffff, ABSOLUTE)

    Execution Region ER_RO (Base: 0x08000000, Size: 0x00004dd0, Max: 0xffffffff, ABSOLUTE)

    Base Addr    Size         Type   Attr      Idx    E Section Name        Object

    0x08000000   0x00000130   Data   RO          947    RESET               startup_stm32f10x_hd.o
    0x08000130   0x00000000   Code   RO         2675  * .ARM.Collect$$$$00000000  mc_w.l(entry.o)
    0x08000130   0x00000004   Code   RO         2946    .ARM.Collect$$$$00000001  mc_w.l(entry2.o)
    0x08000134   0x00000004   Code   RO         2949    .ARM.Collect$$$$00000004  mc_w.l(entry5.o)
    0x08000138   0x00000000   Code   RO         2951    .ARM.Collect$$$$00000008  mc_w.l(entry7b.o)
    0x08000138   0x00000000   Code   RO         2953    .ARM.Collect$$$$0000000A  mc_w.l(entry8b.o)
    0x08000138   0x00000008   Code   RO         2954    .ARM.Collect$$$$0000000B  mc_w.l(entry9a.o)
    0x08000140   0x00000000   Code   RO         2956    .ARM.Collect$$$$0000000D  mc_w.l(entry10a.o)
    0x08000140   0x00000000   Code   RO         2958    .ARM.Collect$$$$0000000F  mc_w.l(entry11a.o)
    0x08000140   0x00000004   Code   RO         2947    .ARM.Collect$$$$00002712  mc_w.l(entry2.o)
    0x08000144   0x00000024   Code   RO          948  * .text               startup_stm32f10x_hd.o
    0x08000168   0x000000b4   Code   RO         2362    .text               os_cpu_a.o
    0x0800021c   0x00000024   Code   RO         2678    .text               mc_w.l(rand.o)
    0x08000240   0x0000002c   Code   RO         2960    .text               mc_w.l(uidiv.o)
    0x0800026c   0x00000024   Code   RO         2975    .text               mc_w.l(init.o)
    0x08000290   0x00000016   Code   RO         1512    i.ADC_Cmd           stm32f10x_adc.o
    0x080002a6   0x00000002   PAD
    0x080002a8   0x0000005c   Code   RO         1514    i.ADC_DeInit        stm32f10x_adc.o
    0x08000304   0x00000014   Code   RO         1520    i.ADC_GetCalibrationStatus  stm32f10x_adc.o
    0x08000318   0x00000008   Code   RO         1521    i.ADC_GetConversionValue  stm32f10x_adc.o
    0x08000320   0x00000012   Code   RO         1523    i.ADC_GetFlagStatus  stm32f10x_adc.o
    0x08000332   0x00000014   Code   RO         1526    i.ADC_GetResetCalibrationStatus  stm32f10x_adc.o
    0x08000346   0x00000002   PAD
    0x08000348   0x00000050   Code   RO         1530    i.ADC_Init          stm32f10x_adc.o
    0x08000398   0x000000b8   Code   RO         1534    i.ADC_RegularChannelConfig  stm32f10x_adc.o
    0x08000450   0x0000000a   Code   RO         1535    i.ADC_ResetCalibration  stm32f10x_adc.o
    0x0800045a   0x00000016   Code   RO         1537    i.ADC_SoftwareStartConvCmd  stm32f10x_adc.o
    0x08000470   0x0000000a   Code   RO         1539    i.ADC_StartCalibration  stm32f10x_adc.o
    0x0800047a   0x00000002   PAD
    0x0800047c   0x0000008c   Code   RO          791    i.Adc_Init          adc.o
    0x08000508   0x00000004   Code   RO          212    i.BusFault_Handler  stm32f10x_it.o
    0x0800050c   0x00000002   Code   RO          213    i.DebugMon_Handler  stm32f10x_it.o
    0x0800050e   0x00000062   Code   RO          727    i.Display_sudoko    sudoku.o
    0x08000570   0x00000116   Code   RO          994    i.GPIO_Init         stm32f10x_gpio.o
    0x08000686   0x00000002   PAD
    0x08000688   0x00000090   Code   RO          996    i.GPIO_PinRemapConfig  stm32f10x_gpio.o
    0x08000718   0x00000004   Code   RO         1001    i.GPIO_ResetBits    stm32f10x_gpio.o
    0x0800071c   0x00000004   Code   RO         1002    i.GPIO_SetBits      stm32f10x_gpio.o
    0x08000720   0x00000034   Code   RO          792    i.Get_Adc           adc.o
    0x08000754   0x0000012c   Code   RO          356    i.Gui_Circle        gui.o
    0x08000880   0x00000194   Code   RO          357    i.Gui_DrawFont_GBK16  gui.o
    0x08000a14   0x000001f0   Code   RO          358    i.Gui_DrawFont_GBK24  gui.o
    0x08000c04   0x00000080   Code   RO          359    i.Gui_DrawFont_Num32  gui.o
    0x08000c84   0x000000ba   Code   RO          360    i.Gui_DrawLine      gui.o
    0x08000d3e   0x00000020   Code   RO          426    i.Gui_DrawPoint     lcd_driver.o
    0x08000d5e   0x00000004   Code   RO          214    i.HardFault_Handler  stm32f10x_it.o
    0x08000d62   0x00000002   PAD
    0x08000d64   0x00000068   Code   RO          616    i.LCD_GPIO_Init     lcd_init.o
    0x08000dcc   0x00000030   Code   RO          427    i.LCD_WriteData_16Bit  lcd_driver.o
    0x08000dfc   0x00000068   Code   RO          297    i.LED_Init          led.o
    0x08000e64   0x00000032   Code   RO          428    i.Lcd_Clear         lcd_driver.o
    0x08000e96   0x00000222   Code   RO          429    i.Lcd_Init          lcd_driver.o
    0x080010b8   0x00000028   Code   RO          431    i.Lcd_Reset         lcd_driver.o
    0x080010e0   0x00000056   Code   RO          432    i.Lcd_SetRegion     lcd_driver.o
    0x08001136   0x00000014   Code   RO          433    i.Lcd_SetXY         lcd_driver.o
    0x0800114a   0x00000002   PAD
    0x0800114c   0x00000028   Code   RO          434    i.Lcd_WriteData     lcd_driver.o
    0x08001174   0x00000028   Code   RO          435    i.Lcd_WriteIndex    lcd_driver.o
    0x0800119c   0x00000004   Code   RO          215    i.MemManage_Handler  stm32f10x_it.o
    0x080011a0   0x00000002   Code   RO          216    i.NMI_Handler       stm32f10x_it.o
    0x080011a2   0x00000002   PAD
    0x080011a4   0x00000070   Code   RO          952    i.NVIC_Init         misc.o
    0x08001214   0x00000014   Code   RO          953    i.NVIC_PriorityGroupConfig  misc.o
    0x08001228   0x0000002c   Code   RO         1728    i.OSInit            os_core.o
    0x08001254   0x00000002   Code   RO         2365    i.OSInitHookBegin   os_cpu_c.o
    0x08001256   0x00000002   Code   RO         2366    i.OSInitHookEnd     os_cpu_c.o
    0x08001258   0x00000024   Code   RO         1729    i.OSIntEnter        os_core.o
    0x0800127c   0x00000090   Code   RO         1730    i.OSIntExit         os_core.o
    0x0800130c   0x0000004c   Code   RO         1992    i.OSMboxCreate      os_mbox.o
    0x08001358   0x00000040   Code   RO         1731    i.OSSchedLock       os_core.o
    0x08001398   0x00000060   Code   RO         1732    i.OSSchedUnlock     os_core.o
    0x080013f8   0x00000048   Code   RO         1733    i.OSStart           os_core.o
    0x08001440   0x00000002   Code   RO         2367    i.OSTCBInitHook     os_cpu_c.o
    0x08001442   0x00000002   PAD
    0x08001444   0x000000a0   Code   RO         2225    i.OSTaskCreate      os_task.o
    0x080014e4   0x000000b8   Code   RO         2226    i.OSTaskCreateExt   os_task.o
    0x0800159c   0x00000002   Code   RO         2368    i.OSTaskCreateHook  os_cpu_c.o
    0x0800159e   0x00000002   PAD
    0x080015a0   0x00000154   Code   RO         2227    i.OSTaskDel         os_task.o
    0x080016f4   0x00000002   Code   RO         2369    i.OSTaskDelHook     os_cpu_c.o
    0x080016f6   0x00000002   Code   RO         2370    i.OSTaskIdleHook    os_cpu_c.o
    0x080016f8   0x00000070   Code   RO         2230    i.OSTaskNameSet     os_task.o
    0x08001768   0x000000ac   Code   RO         2234    i.OSTaskResume      os_task.o
    0x08001814   0x00000002   Code   RO         2372    i.OSTaskStatHook    os_cpu_c.o
    0x08001816   0x00000002   PAD
    0x08001818   0x0000008c   Code   RO         2235    i.OSTaskStkChk      os_task.o
    0x080018a4   0x0000009a   Code   RO         2373    i.OSTaskStkInit     os_cpu_c.o
    0x0800193e   0x00000002   PAD
    0x08001940   0x000000a8   Code   RO         2236    i.OSTaskSuspend     os_task.o
    0x080019e8   0x00000002   Code   RO         2374    i.OSTaskSwHook      os_cpu_c.o
    0x080019ea   0x00000002   PAD
    0x080019ec   0x00000078   Code   RO         2320    i.OSTimeDly         os_time.o
    0x08001a64   0x000000ec   Code   RO         1735    i.OSTimeTick        os_core.o
    0x08001b50   0x00000002   Code   RO         2375    i.OSTimeTickHook    os_cpu_c.o
    0x08001b52   0x00000002   Code   RO         1737    i.OS_Dummy          os_core.o
    0x08001b54   0x0000002a   Code   RO         1739    i.OS_EventTaskRemove  os_core.o
    0x08001b7e   0x0000001c   Code   RO         1741    i.OS_EventWaitListInit  os_core.o
    0x08001b9a   0x00000002   PAD
    0x08001b9c   0x00000058   Code   RO         1919    i.OS_FlagInit       os_flag.o
    0x08001bf4   0x00000024   Code   RO         1921    i.OS_FlagUnlink     os_flag.o
    0x08001c18   0x00000054   Code   RO         1742    i.OS_InitEventList  os_core.o
    0x08001c6c   0x00000054   Code   RO         1743    i.OS_InitMisc       os_core.o
    0x08001cc0   0x00000044   Code   RO         1744    i.OS_InitRdyList    os_core.o
    0x08001d04   0x00000080   Code   RO         1745    i.OS_InitTCBList    os_core.o
    0x08001d84   0x00000050   Code   RO         1746    i.OS_InitTaskIdle   os_core.o
    0x08001dd4   0x00000050   Code   RO         1747    i.OS_InitTaskStat   os_core.o
    0x08001e24   0x00000012   Code   RO         1748    i.OS_MemClr         os_core.o
    0x08001e36   0x00000002   PAD
    0x08001e38   0x00000050   Code   RO         2108    i.OS_QInit          os_q.o
    0x08001e88   0x00000074   Code   RO         1750    i.OS_Sched          os_core.o
    0x08001efc   0x0000002c   Code   RO         1751    i.OS_SchedNew       os_core.o
    0x08001f28   0x00000134   Code   RO         1753    i.OS_TCBInit        os_core.o
    0x0800205c   0x00000028   Code   RO         1754    i.OS_TaskIdle       os_core.o
    0x08002084   0x00000088   Code   RO         1755    i.OS_TaskStat       os_core.o
    0x0800210c   0x0000003c   Code   RO         1756    i.OS_TaskStatStkChk  os_core.o
    0x08002148   0x0000001a   Code   RO         2238    i.OS_TaskStkClr     os_task.o
    0x08002162   0x00000002   PAD
    0x08002164   0x00000018   Code   RO         1126    i.RCC_ADCCLKConfig  stm32f10x_rcc.o
    0x0800217c   0x00000020   Code   RO         1130    i.RCC_APB2PeriphClockCmd  stm32f10x_rcc.o
    0x0800219c   0x00000020   Code   RO         1131    i.RCC_APB2PeriphResetCmd  stm32f10x_rcc.o
    0x080021bc   0x000000d4   Code   RO         1138    i.RCC_GetClocksFreq  stm32f10x_rcc.o
    0x08002290   0x00000040   Code   RO          437    i.SPI_WriteData     lcd_driver.o
    0x080022d0   0x00000002   Code   RO          217    i.SVC_Handler       stm32f10x_it.o
    0x080022d2   0x00000008   Code   RO          263    i.SetSysClock       system_stm32f10x.o
    0x080022da   0x00000002   PAD
    0x080022dc   0x000000e0   Code   RO          264    i.SetSysClockTo72   system_stm32f10x.o
    0x080023bc   0x00000028   Code   RO          956    i.SysTick_CLKSourceConfig  misc.o
    0x080023e4   0x0000001c   Code   RO          815    i.SysTick_Handler   delay.o
    0x08002400   0x00000060   Code   RO          266    i.SystemInit        system_stm32f10x.o
    0x08002460   0x00000090   Code   RO          894    i.USART1_IRQHandler  usart.o
    0x080024f0   0x00000018   Code   RO         1330    i.USART_Cmd         stm32f10x_usart.o
    0x08002508   0x00000054   Code   RO         1334    i.USART_GetITStatus  stm32f10x_usart.o
    0x0800255c   0x0000004a   Code   RO         1336    i.USART_ITConfig    stm32f10x_usart.o
    0x080025a6   0x00000002   PAD
    0x080025a8   0x000000d8   Code   RO         1337    i.USART_Init        stm32f10x_usart.o
    0x08002680   0x0000000a   Code   RO         1344    i.USART_ReceiveData  stm32f10x_usart.o
    0x0800268a   0x00000004   Code   RO          218    i.UsageFault_Handler  stm32f10x_it.o
    0x0800268e   0x00000002   PAD
    0x08002690   0x00000028   Code   RO         2728    i.__0sprintf$1      mc_w.l(printf1.o)
    0x080026b8   0x0000000e   Code   RO         2987    i.__scatterload_copy  mc_w.l(handlers.o)
    0x080026c6   0x00000002   Code   RO         2988    i.__scatterload_null  mc_w.l(handlers.o)
    0x080026c8   0x0000000e   Code   RO         2989    i.__scatterload_zeroinit  mc_w.l(handlers.o)
    0x080026d6   0x00000002   PAD
    0x080026d8   0x00000154   Code   RO         2733    i._printf_core      mc_w.l(printf1.o)
    0x0800282c   0x0000000a   Code   RO         2735    i._sputc            mc_w.l(printf1.o)
    0x08002836   0x00000002   PAD
    0x08002838   0x0000005c   Code   RO          816    i.delay_init        delay.o
    0x08002894   0x00000050   Code   RO          817    i.delay_ms          delay.o
    0x080028e4   0x00000008   Code   RO          818    i.delay_osschedlock  delay.o
    0x080028ec   0x00000008   Code   RO          819    i.delay_osschedunlock  delay.o
    0x080028f4   0x0000000c   Code   RO          820    i.delay_ostimedly   delay.o
    0x08002900   0x0000005c   Code   RO          821    i.delay_us          delay.o
    0x0800295c   0x00000068   Code   RO          728    i.fill_sudoku       sudoku.o
    0x080029c4   0x00000070   Code   RO          663    i.game_menu         menu.o
    0x08002a34   0x0000006c   Code   RO            1    i.game_menu_task    main.o
    0x08002aa0   0x00000248   Code   RO            2    i.game_task         main.o
    0x08002ce8   0x0000007c   Code   RO          729    i.generate_random_sudoku  sudoku.o
    0x08002d64   0x00000024   Code   RO          730    i.is_correct        sudoku.o
    0x08002d88   0x00000090   Code   RO          731    i.is_valid_move     sudoku.o
    0x08002e18   0x00000048   Code   RO          335    i.key_Init          key.o
    0x08002e60   0x0000018c   Code   RO          336    i.key_Scan          key.o
    0x08002fec   0x00000074   Code   RO            3    i.led_task          main.o
    0x08003060   0x00000044   Code   RO            4    i.main              main.o
    0x080030a4   0x000000a0   Code   RO          664    i.name_menu         menu.o
    0x08003144   0x00000084   Code   RO            5    i.name_task         main.o
    0x080031c8   0x00000030   Code   RO          732    i.random_remove     sudoku.o
    0x080031f8   0x00000078   Code   RO            6    i.set_time          main.o
    0x08003270   0x0000003a   Code   RO          665    i.show_eggs         menu.o
    0x080032aa   0x00000002   PAD
    0x080032ac   0x00000030   Code   RO          666    i.show_false        menu.o
    0x080032dc   0x00000088   Code   RO          667    i.show_score        menu.o
    0x08003364   0x000000b8   Code   RO          733    i.show_sudoku       sudoku.o
    0x0800341c   0x0000007c   Code   RO          668    i.show_time         menu.o
    0x08003498   0x0000003c   Code   RO          669    i.show_timeover     menu.o
    0x080034d4   0x00000038   Code   RO          670    i.show_victory      menu.o
    0x0800350c   0x00000034   Code   RO          734    i.shuffle_array     sudoku.o
    0x08003540   0x00000060   Code   RO            7    i.start_task        main.o
    0x080035a0   0x00000060   Code   RO            8    i.time_task         main.o
    0x08003600   0x000000a0   Code   RO          897    i.uart_init         usart.o
    0x080036a0   0x00000010   Data   RO          337    .constdata          key.o
    0x080036b0   0x000015fe   Data   RO          364    .constdata          gui.o
    0x08004cae   0x00000100   Data   RO         1758    .constdata          os_core.o
    0x08004dae   0x00000002   PAD
    0x08004db0   0x00000020   Data   RO         2985    Region$$Table       anon$$obj.o


    Execution Region ER_RW (Base: 0x20000000, Size: 0x000000b8, Max: 0xffffffff, ABSOLUTE)

    Base Addr    Size         Type   Attr      Idx    E Section Name        Object

    0x20000000   0x00000014   Data   RW           10    .data               main.o
    0x20000014   0x00000014   Data   RW          267    .data               system_stm32f10x.o
    0x20000028   0x00000024   Data   RW          736    .data               sudoku.o
    0x2000004c   0x00000004   Data   RW          822    .data               delay.o
    0x20000050   0x00000006   Data   RW          899    .data               usart.o
    0x20000056   0x00000014   Data   RW         1158    .data               stm32f10x_rcc.o
    0x2000006a   0x00000002   PAD
    0x2000006c   0x00000048   Data   RW         1759    .data               os_core.o
    0x200000b4   0x00000004   Data   RW         2679    .data               mc_w.l(rand.o)


    Execution Region ER_ZI (Base: 0x200000b8, Size: 0x00003d38, Max: 0xffffffff, ABSOLUTE)

    Base Addr    Size         Type   Attr      Idx    E Section Name        Object

    0x200000b8   0x00002d88   Zero   RW            9    .bss                main.o
    0x20002e40   0x00000064   Zero   RW          735    .bss                sudoku.o
    0x20002ea4   0x000000c8   Zero   RW          898    .bss                usart.o
    0x20002f6c   0x00000a80   Zero   RW         1757    .bss                os_core.o
    0x200039ec   0x00000004   PAD
    0x200039f0   0x00000400   Zero   RW          945    STACK               startup_stm32f10x_hd.o


==============================================================================

Image component sizes


      Code (inc. data)   RO Data    RW Data    ZI Data      Debug   Object Name

       192         14          0          0          0       1061   adc.o
       320         40          0          4          0       3557   delay.o
      1514         24       5630          0          0       5726   gui.o
       468         20         16          0          0       1314   key.o
       966         26          0          0          0       5598   lcd_driver.o
       104          6          0          0          0        516   lcd_init.o
       104         12          0          0          0     214219   led.o
      1320        158          0         20      11656      41922   main.o
       754        144          0          0          0       3893   menu.o
       172         22          0          0          0       1945   misc.o
      2010        382        256         72       2688      19866   os_core.o
       180         36          0          0          0        300   os_cpu_a.o
       172          0          0          0          0      12867   os_cpu_c.o
       124         14          0          0          0       1130   os_flag.o
        76          8          0          0          0        651   os_mbox.o
        80          8          0          0          0        531   os_q.o
      1302        128          0          0          0       6603   os_task.o
       120         20          0          0          0        592   os_time.o
        36          8        304          0       1024        760   startup_stm32f10x_hd.o
       486         24          0          0          0       8170   stm32f10x_adc.o
       430          6          0          0          0       3710   stm32f10x_gpio.o
        22          0          0          0          0       2687   stm32f10x_it.o
       300         38          0         20          0       4797   stm32f10x_rcc.o
       408          6          0          0          0       4782   stm32f10x_usart.o
       790         16          0         36        100       6244   sudoku.o
         0          0          0          0          0         32   sys.o
       328         28          0         20          0       1945   system_stm32f10x.o
       304         22          0          6        200       3032   usart.o

    ----------------------------------------------------------------------
     13120       1210       6240        180      15672     358450   Object Totals
         0          0         32          0          0          0   (incl. Generated)
        38          0          2          2          4          0   (incl. Padding)

    ----------------------------------------------------------------------

      Code (inc. data)   RO Data    RW Data    ZI Data      Debug   Library Member Name

         0          0          0          0          0          0   entry.o
         0          0          0          0          0          0   entry10a.o
         0          0          0          0          0          0   entry11a.o
         8          4          0          0          0          0   entry2.o
         4          0          0          0          0          0   entry5.o
         0          0          0          0          0          0   entry7b.o
         0          0          0          0          0          0   entry8b.o
         8          4          0          0          0          0   entry9a.o
        30          0          0          0          0          0   handlers.o
        36          8          0          0          0         68   init.o
       390         10          0          0          0        252   printf1.o
        36         10          0          4          0        136   rand.o
        44          0          0          0          0         80   uidiv.o

    ----------------------------------------------------------------------
       560         36          0          4          0        536   Library Totals
         4          0          0          0          0          0   (incl. Padding)

    ----------------------------------------------------------------------

      Code (inc. data)   RO Data    RW Data    ZI Data      Debug   Library Name

       556         36          0          4          0        536   mc_w.l

    ----------------------------------------------------------------------
       560         36          0          4          0        536   Library Totals

    ----------------------------------------------------------------------

==============================================================================


      Code (inc. data)   RO Data    RW Data    ZI Data      Debug   

     13680       1246       6240        184      15672     352118   Grand Totals
     13680       1246       6240        184      15672     352118   ELF Image Totals
     13680       1246       6240        184          0          0   ROM Totals

==============================================================================

    Total RO  Size (Code + RO Data)                19920 (  19.45kB)
    Total RW  Size (RW Data + ZI Data)             15856 (  15.48kB)
    Total ROM Size (Code + RO Data + RW Data)      20104 (  19.63kB)

==============================================================================

